 System.Data.SQLite

 Timestamp is 523fdaf3 (Mon Sep 23 13:08:51 2013)

 Preferred load address is 10000000

 Start         Length     Name                   Class
 0001:00000000 000d8446H .text                   CODE
 0002:00000000 00000250H .idata$5                DATA
 0002:00000250 00000004H .CRT$XCA                DATA
 0002:00000254 00000004H .CRT$XCZ                DATA
 0002:00000258 00000004H .CRT$XIA                DATA
 0002:0000025c 00000004H .CRT$XIAA               DATA
 0002:00000260 00000004H .CRT$XIC                DATA
 0002:00000264 00000004H .CRT$XIZ                DATA
 0002:00000270 0002cc80H .rdata                  DATA
 0002:0002cef0 0000008dH .rdata$debug            DATA
 0002:0002cf80 00000004H .rdata$sxdata           DATA
 0002:0002cf84 00000004H .rtc$IAA                DATA
 0002:0002cf88 00000004H .rtc$IZZ                DATA
 0002:0002cf8c 00000004H .rtc$TAA                DATA
 0002:0002cf90 00000004H .rtc$TZZ                DATA
 0002:0002cf98 00000064H .xdata$x                DATA
 0002:0002cffc 00000050H .idata$2                DATA
 0002:0002d04c 00000014H .idata$3                DATA
 0002:0002d060 00000250H .idata$4                DATA
 0002:0002d2b0 000008eeH .idata$6                DATA
 0002:0002dba0 000022fdH .edata                  DATA
 0003:00000000 000f3358H .data                   DATA
 0003:000f3360 00003bfcH .bss                    DATA
 0004:00000000 00000058H .rsrc$01                DATA
 0004:00000060 00000520H .rsrc$02                DATA

  Address         Publics by Value              Rva+Base       Lib:Object

 0000:00000000       __except_list              00000000     <absolute>
 0000:00000001       ___safe_se_handler_count   00000001     <absolute>
 0000:00009876       __ldused                   00009876     <absolute>
 0000:00009876       __fltused                  00009876     <absolute>
 0000:00000000       ___ImageBase               10000000     <linker-defined>
 0001:00000030       _sqlite3_compileoption_used 10001030 f   interop.obj
 0001:000000d0       _sqlite3_compileoption_get 100010d0 f   interop.obj
 0001:000000f0       _sqlite3_status            100010f0 f   interop.obj
 0001:00000150       _sqlite3_db_status         10001150 f   interop.obj
 0001:00002710       _sqlite3_vfs_find          10003710 f   interop.obj
 0001:000027a0       _sqlite3_vfs_register      100037a0 f   interop.obj
 0001:00002900       _sqlite3_vfs_unregister    10003900 f   interop.obj
 0001:00003150       _sqlite3_mutex_alloc       10004150 f   interop.obj
 0001:000031b0       _sqlite3_mutex_free        100041b0 f   interop.obj
 0001:000031d0       _sqlite3_mutex_enter       100041d0 f   interop.obj
 0001:000031f0       _sqlite3_mutex_try         100041f0 f   interop.obj
 0001:00003220       _sqlite3_mutex_leave       10004220 f   interop.obj
 0001:00003240       _sqlite3_mutex_held        10004240 f   interop.obj
 0001:00003280       _sqlite3_mutex_notheld     10004280 f   interop.obj
 0001:00003aa0       _sqlite3_release_memory    10004aa0 f   interop.obj
 0001:00003ab0       _sqlite3_memory_alarm      10004ab0 f   interop.obj
 0001:00003bb0       _sqlite3_soft_heap_limit64 10004bb0 f   interop.obj
 0001:00003cb0       _sqlite3_soft_heap_limit   10004cb0 f   interop.obj
 0001:00003cd0       _sqlite3_memory_used       10004cd0 f   interop.obj
 0001:00003d00       _sqlite3_memory_highwater  10004d00 f   interop.obj
 0001:00004040       _sqlite3_malloc            10005040 f   interop.obj
 0001:000041b0       _sqlite3_free              100051b0 f   interop.obj
 0001:000045b0       _sqlite3_realloc           100055b0 f   interop.obj
 0001:000049e0       _sqlite3_vmprintf          100059e0 f   interop.obj
 0001:00006690       _sqlite3_mprintf           10007690 f   interop.obj
 0001:000066d0       _sqlite3_vsnprintf         100076d0 f   interop.obj
 0001:00006730       _sqlite3_snprintf          10007730 f   interop.obj
 0001:00006770       _sqlite3_log               10007770 f   interop.obj
 0001:00006830       _sqlite3_randomness        10007830 f   interop.obj
 0001:00006ab0       _sqlite3_stricmp           10007ab0 f   interop.obj
 0001:00006b20       _sqlite3_strnicmp          10007b20 f   interop.obj
 0001:000073f0       _sqlite3_win32_write_debug 100083f0 f   interop.obj
 0001:000074e0       _sqlite3_win32_sleep       100084e0 f   interop.obj
 0001:000074f0       _sqlite3_win32_mbcs_to_utf8 100084f0 f   interop.obj
 0001:00007660       _sqlite3_win32_utf8_to_mbcs 10008660 f   interop.obj
 0001:000077e0       _sqlite3_win32_set_directory 100087e0 f   interop.obj
 0001:0000b630       _sqlite3_os_init           1000c630 f   interop.obj
 0001:0000b6b0       _sqlite3_os_end            1000c6b0 f   interop.obj
 0001:0000d230       _sqlite3_enable_shared_cache 1000e230 f   interop.obj
 0001:0000d250       _sqlite3_backup_init       1000e250 f   interop.obj
 0001:0000dff0       _sqlite3_backup_step       1000eff0 f   interop.obj
 0001:0001ff50       _sqlite3_backup_finish     10020f50 f   interop.obj
 0001:00020370       _sqlite3_backup_remaining  10021370 f   interop.obj
 0001:00020380       _sqlite3_backup_pagecount  10021380 f   interop.obj
 0001:00021250       _sqlite3_sql               10022250 f   interop.obj
 0001:00021810       _sqlite3_expired           10022810 f   interop.obj
 0001:00021850       _sqlite3_finalize          10022850 f   interop.obj
 0001:00024ed0       _sqlite3_reset             10025ed0 f   interop.obj
 0001:000250a0       _sqlite3_clear_bindings    100260a0 f   interop.obj
 0001:00025160       _sqlite3_value_blob        10026160 f   interop.obj
 0001:000251e0       _sqlite3_value_bytes       100261e0 f   interop.obj
 0001:00026240       _sqlite3_value_bytes16     10027240 f   interop.obj
 0001:00026260       _sqlite3_value_double      10027260 f   interop.obj
 0001:00026350       _sqlite3_value_int         10027350 f   interop.obj
 0001:000268d0       _sqlite3_value_int64       100278d0 f   interop.obj
 0001:000268f0       _sqlite3_value_text        100278f0 f   interop.obj
 0001:00026910       _sqlite3_value_text16      10027910 f   interop.obj
 0001:00026930       _sqlite3_value_text16be    10027930 f   interop.obj
 0001:00026950       _sqlite3_value_text16le    10027950 f   interop.obj
 0001:00026970       _sqlite3_value_type        10027970 f   interop.obj
 0001:00026980       _sqlite3_result_blob       10027980 f   interop.obj
 0001:00026a30       _sqlite3_result_double     10027a30 f   interop.obj
 0001:00026ad0       _sqlite3_result_error      10027ad0 f   interop.obj
 0001:00026b30       _sqlite3_result_error16    10027b30 f   interop.obj
 0001:00026b90       _sqlite3_result_int        10027b90 f   interop.obj
 0001:00026c20       _sqlite3_result_int64      10027c20 f   interop.obj
 0001:00026c70       _sqlite3_result_null       10027c70 f   interop.obj
 0001:00026cc0       _sqlite3_result_text       10027cc0 f   interop.obj
 0001:00026d10       _sqlite3_result_text16     10027d10 f   interop.obj
 0001:00026d60       _sqlite3_result_text16be   10027d60 f   interop.obj
 0001:00026db0       _sqlite3_result_text16le   10027db0 f   interop.obj
 0001:00026e00       _sqlite3_result_value      10027e00 f   interop.obj
 0001:00026f10       _sqlite3_result_zeroblob   10027f10 f   interop.obj
 0001:00026fb0       _sqlite3_result_error_code 10027fb0 f   interop.obj
 0001:00026ff0       _sqlite3_result_error_toobig 10027ff0 f   interop.obj
 0001:00027050       _sqlite3_result_error_nomem 10028050 f   interop.obj
 0001:000270b0       _sqlite3_step              100280b0 f   interop.obj
 0001:000282e0       _sqlite3_user_data         100292e0 f   interop.obj
 0001:00028320       _sqlite3_context_db_handle 10029320 f   interop.obj
 0001:00028360       _sqlite3_aggregate_context 10029360 f   interop.obj
 0001:00028460       _sqlite3_get_auxdata       10029460 f   interop.obj
 0001:000284d0       _sqlite3_set_auxdata       100294d0 f   interop.obj
 0001:00028620       _sqlite3_aggregate_count   10029620 f   interop.obj
 0001:00028670       _sqlite3_column_count      10029670 f   interop.obj
 0001:000286a0       _sqlite3_data_count        100296a0 f   interop.obj
 0001:000286d0       _sqlite3_column_blob       100296d0 f   interop.obj
 0001:00028810       _sqlite3_column_bytes      10029810 f   interop.obj
 0001:00028850       _sqlite3_column_bytes16    10029850 f   interop.obj
 0001:00028890       _sqlite3_column_double     10029890 f   interop.obj
 0001:000288d0       _sqlite3_column_int        100298d0 f   interop.obj
 0001:00028910       _sqlite3_column_int64      10029910 f   interop.obj
 0001:00028950       _sqlite3_column_text       10029950 f   interop.obj
 0001:00028990       _sqlite3_column_value      10029990 f   interop.obj
 0001:000289f0       _sqlite3_column_text16     100299f0 f   interop.obj
 0001:00028a30       _sqlite3_column_type       10029a30 f   interop.obj
 0001:00028a70       _sqlite3_column_name       10029a70 f   interop.obj
 0001:00028b70       _sqlite3_column_name16     10029b70 f   interop.obj
 0001:00028b90       _sqlite3_column_decltype   10029b90 f   interop.obj
 0001:00028bb0       _sqlite3_column_decltype16 10029bb0 f   interop.obj
 0001:00028bd0       _sqlite3_column_database_name 10029bd0 f   interop.obj
 0001:00028bf0       _sqlite3_column_database_name16 10029bf0 f   interop.obj
 0001:00028c10       _sqlite3_column_table_name 10029c10 f   interop.obj
 0001:00028c30       _sqlite3_column_table_name16 10029c30 f   interop.obj
 0001:00028c50       _sqlite3_column_origin_name 10029c50 f   interop.obj
 0001:00028c70       _sqlite3_column_origin_name16 10029c70 f   interop.obj
 0001:00028c90       _sqlite3_bind_blob         10029c90 f   interop.obj
 0001:00028f20       _sqlite3_bind_double       10029f20 f   interop.obj
 0001:00028f80       _sqlite3_bind_int          10029f80 f   interop.obj
 0001:00028fa0       _sqlite3_bind_int64        10029fa0 f   interop.obj
 0001:00029000       _sqlite3_bind_null         1002a000 f   interop.obj
 0001:00029040       _sqlite3_bind_text         1002a040 f   interop.obj
 0001:00029070       _sqlite3_bind_text16       1002a070 f   interop.obj
 0001:000290a0       _sqlite3_bind_value        1002a0a0 f   interop.obj
 0001:000291c0       _sqlite3_bind_zeroblob     1002a1c0 f   interop.obj
 0001:00029220       _sqlite3_bind_parameter_count 1002a220 f   interop.obj
 0001:00029250       _sqlite3_bind_parameter_name 1002a250 f   interop.obj
 0001:00029290       _sqlite3_bind_parameter_index 1002a290 f   interop.obj
 0001:00029340       _sqlite3_transfer_bindings 1002a340 f   interop.obj
 0001:000295a0       _sqlite3_db_handle         1002a5a0 f   interop.obj
 0001:000295d0       _sqlite3_stmt_readonly     1002a5d0 f   interop.obj
 0001:00029600       _sqlite3_stmt_busy         1002a600 f   interop.obj
 0001:00029640       _sqlite3_next_stmt         1002a640 f   interop.obj
 0001:00029690       _sqlite3_stmt_status       1002a690 f   interop.obj
 0001:000296d0       _sqlite3_value_numeric_type 1002a6d0 f   interop.obj
 0001:00046410       _sqlite3_blob_open         10047410 f   interop.obj
 0001:00047d50       _sqlite3_blob_close        10048d50 f   interop.obj
 0001:00047dc0       _sqlite3_blob_read         10048dc0 f   interop.obj
 0001:00047f40       _sqlite3_blob_write        10048f40 f   interop.obj
 0001:000481a0       _sqlite3_blob_bytes        100491a0 f   interop.obj
 0001:000481e0       _sqlite3_blob_reopen       100491e0 f   interop.obj
 0001:0004c010       _sqlite3_set_authorizer    1004d010 f   interop.obj
 0001:0004ea90       _sqlite3_strglob           1004fa90 f   interop.obj
 0001:00050d60       _sqlite3_exec              10051d60 f   interop.obj
 0001:00051270       _sqlite3_load_extension    10052270 f   interop.obj
 0001:000517d0       _sqlite3_enable_load_extension 100527d0 f   interop.obj
 0001:00051820       _sqlite3_auto_extension    10052820 f   interop.obj
 0001:00051940       _sqlite3_reset_auto_extension 10052940 f   interop.obj
 0001:000534a0       _sqlite3_prepare           100544a0 f   interop.obj
 0001:00053500       _sqlite3_prepare_v2        10054500 f   interop.obj
 0001:00053560       _sqlite3_prepare16         10054560 f   interop.obj
 0001:000539a0       _sqlite3_prepare16_v2      100549a0 f   interop.obj
 0001:00053c50       _sqlite3_get_table         10054c50 f   interop.obj
 0001:00054030       _sqlite3_free_table        10055030 f   interop.obj
 0001:00054db0       _sqlite3_create_module     10055db0 f   interop.obj
 0001:00054f40       _sqlite3_create_module_v2  10055f40 f   interop.obj
 0001:00055970       _sqlite3_declare_vtab      10056970 f   interop.obj
 0001:000560e0       _sqlite3_vtab_on_conflict  100570e0 f   interop.obj
 0001:00056130       _sqlite3_vtab_config       10057130 f   interop.obj
 0001:000915c0       _sqlite3_complete          100925c0 f   interop.obj
 0001:000919d0       _sqlite3_complete16        100929d0 f   interop.obj
 0001:00091a60       _sqlite3_libversion        10092a60 f   interop.obj
 0001:00091a70       _sqlite3_sourceid          10092a70 f   interop.obj
 0001:00091a80       _sqlite3_libversion_number 10092a80 f   interop.obj
 0001:00091a90       _sqlite3_threadsafe        10092a90 f   interop.obj
 0001:00091aa0       _sqlite3_initialize        10092aa0 f   interop.obj
 0001:00092170       _sqlite3_shutdown          10093170 f   interop.obj
 0001:00092270       _sqlite3_config            10093270 f   interop.obj
 0001:00092660       _sqlite3_db_mutex          10093660 f   interop.obj
 0001:00092670       _sqlite3_db_release_memory 10093670 f   interop.obj
 0001:00092750       _sqlite3_db_config         10093750 f   interop.obj
 0001:00092a70       _sqlite3_last_insert_rowid 10093a70 f   interop.obj
 0001:00092a80       _sqlite3_changes           10093a80 f   interop.obj
 0001:00092a90       _sqlite3_total_changes     10093a90 f   interop.obj
 0001:00092b10       _sqlite3_close             10093b10 f   interop.obj
 0001:00092e20       _sqlite3_close_v2          10093e20 f   interop.obj
 0001:00093530       _sqlite3_busy_handler      10094530 f   interop.obj
 0001:00093590       _sqlite3_progress_handler  10094590 f   interop.obj
 0001:00093610       _sqlite3_busy_timeout      10094610 f   interop.obj
 0001:00093710       _sqlite3_interrupt         10094710 f   interop.obj
 0001:000939c0       _sqlite3_create_function   100949c0 f   interop.obj
 0001:000939f0       _sqlite3_create_function_v2 100949f0 f   interop.obj
 0001:00093af0       _sqlite3_create_function16 10094af0 f   interop.obj
 0001:00093bb0       _sqlite3_overload_function 10094bb0 f   interop.obj
 0001:00093ca0       _sqlite3_trace             10094ca0 f   interop.obj
 0001:00093cf0       _sqlite3_profile           10094cf0 f   interop.obj
 0001:00093d40       _sqlite3_commit_hook       10094d40 f   interop.obj
 0001:00093d90       _sqlite3_update_hook       10094d90 f   interop.obj
 0001:00093de0       _sqlite3_rollback_hook     10094de0 f   interop.obj
 0001:00093e60       _sqlite3_wal_autocheckpoint 10094e60 f   interop.obj
 0001:00093ea0       _sqlite3_wal_hook          10094ea0 f   interop.obj
 0001:00093ef0       _sqlite3_wal_checkpoint_v2 10094ef0 f   interop.obj
 0001:00093ff0       _sqlite3_wal_checkpoint    10094ff0 f   interop.obj
 0001:00094240       _sqlite3_errmsg            10095240 f   interop.obj
 0001:00094320       _sqlite3_errmsg16          10095320 f   interop.obj
 0001:000943f0       _sqlite3_errcode           100953f0 f   interop.obj
 0001:00094440       _sqlite3_extended_errcode  10095440 f   interop.obj
 0001:00094490       _sqlite3_errstr            10095490 f   interop.obj
 0001:000944b0       _sqlite3_limit             100954b0 f   interop.obj
 0001:00094d50       _sqlite3_open              10095d50 f   interop.obj
 0001:00095730       _sqlite3_open_v2           10096730 f   interop.obj
 0001:00095750       _sqlite3_open16            10096750 f   interop.obj
 0001:00095880       _sqlite3_create_collation  10096880 f   interop.obj
 0001:00095910       _sqlite3_create_collation_v2 10096910 f   interop.obj
 0001:000959a0       _sqlite3_create_collation16 100969a0 f   interop.obj
 0001:00095a60       _sqlite3_collation_needed  10096a60 f   interop.obj
 0001:00095ab0       _sqlite3_collation_needed16 10096ab0 f   interop.obj
 0001:00095b00       _sqlite3_global_recover    10096b00 f   interop.obj
 0001:00095b10       _sqlite3_get_autocommit    10096b10 f   interop.obj
 0001:00095bb0       _sqlite3_thread_cleanup    10096bb0 f   interop.obj
 0001:00095bc0       _sqlite3_table_column_metadata 10096bc0 f   interop.obj
 0001:00095e70       _sqlite3_sleep             10096e70 f   interop.obj
 0001:00095ec0       _sqlite3_extended_result_codes 10096ec0 f   interop.obj
 0001:00095f00       _sqlite3_file_control      10096f00 f   interop.obj
 0001:00096000       _sqlite3_test_control      10097000 f   interop.obj
 0001:00096660       _sqlite3_uri_parameter     10097660 f   interop.obj
 0001:000966e0       _sqlite3_uri_boolean       100976e0 f   interop.obj
 0001:00096730       _sqlite3_uri_int64         10097730 f   interop.obj
 0001:00096810       _sqlite3_db_filename       10097810 f   interop.obj
 0001:00096850       _sqlite3_db_readonly       10097850 f   interop.obj
 0001:000b5110       _sqlite3_rtree_geometry_callback 100b6110 f   interop.obj
 0001:000b5260       _sqlite3_create_disposable_module 100b6260 f   interop.obj
 0001:000b6410       _sqlite3_dispose_module    100b7410 f   interop.obj
 0001:000b64c0       _sqlite3_vtshim_init       100b74c0 f   interop.obj
 0001:000b7d50       _isblank                   100b8d50 f   interop.obj
 0001:000b99d0       _RegisterExtensionFunctions 100ba9d0 f   interop.obj
 0001:000b9ba0       _map_make                  100baba0 f   interop.obj
 0001:000b9bd0       _xcalloc                   100babd0 f   interop.obj
 0001:000b9bf0       _xfree                     100babf0 f   interop.obj
 0001:000b9c10       _node_insert               100bac10 f   interop.obj
 0001:000b9ce0       _map_insert                100bace0 f   interop.obj
 0001:000b9d00       _node_iterate              100bad00 f   interop.obj
 0001:000b9d70       _map_iterate               100bad70 f   interop.obj
 0001:000b9d90       _node_destroy              100bad90 f   interop.obj
 0001:000b9df0       _map_destroy               100badf0 f   interop.obj
 0001:000b9e10       _int_cmp                   100bae10 f   interop.obj
 0001:000b9e70       _double_cmp                100bae70 f   interop.obj
 0001:000b9ec0       _print_elem                100baec0 f   interop.obj
 0001:000b9ef0       _sqlite3_activate_see      100baef0 f   interop.obj
 0001:000b9f00       _sqlite3CodecSizeChange    100baf00 f   interop.obj
 0001:000ba050       _sqlite3Codec              100bb050 f   interop.obj
 0001:000ba230       _sqlite3CodecAttach        100bb230 f   interop.obj
 0001:000ba5d0       _sqlite3CodecGetKey        100bb5d0 f   interop.obj
 0001:000ba630       _sqlite3_key_v2            100bb630 f   interop.obj
 0001:000ba650       _sqlite3_key               100bb650 f   interop.obj
 0001:000ba670       _sqlite3_rekey_v2          100bb670 f   interop.obj
 0001:000ba8c0       _sqlite3_rekey             100bb8c0 f   interop.obj
 0001:000ba8e0       _sqlite3_malloc_size_interop@4 100bb8e0 f   interop.obj
 0001:000ba900       _sqlite3_close_interop@4   100bb900 f   interop.obj
 0001:000ba9e0       _sqlite3_config_log_interop@0 100bb9e0 f   interop.obj
 0001:000baa60       _sqlite3_open_interop@12   100bba60 f   interop.obj
 0001:000baad0       _sqlite3_open16_interop@12 100bbad0 f   interop.obj
 0001:000bab50       _sqlite3_errmsg_interop@8  100bbb50 f   interop.obj
 0001:000baba0       _sqlite3_changes_interop@4 100bbba0 f   interop.obj
 0001:000bac00       _sqlite3_prepare_interop@24 100bbc00 f   interop.obj
 0001:000bac60       _sqlite3_prepare16_interop@24 100bbc60 f   interop.obj
 0001:000bacc0       _sqlite3_create_disposable_module_interop@112 100bbcc0 f   interop.obj
 0001:000badd0       _sqlite3_bind_double_interop@12 100bbdd0 f   interop.obj
 0001:000bae00       _sqlite3_bind_int64_interop@12 100bbe00 f   interop.obj
 0001:000bae30       _sqlite3_bind_parameter_name_interop@12 100bbe30 f   interop.obj
 0001:000bae80       _sqlite3_column_name_interop@12 100bbe80 f   interop.obj
 0001:000baed0       _sqlite3_column_name16_interop@12 100bbed0 f   interop.obj
 0001:000baf20       _sqlite3_column_decltype_interop@12 100bbf20 f   interop.obj
 0001:000baf70       _sqlite3_column_decltype16_interop@12 100bbf70 f   interop.obj
 0001:000bafc0       _sqlite3_column_double_interop@12 100bbfc0 f   interop.obj
 0001:000bafe0       _sqlite3_column_int64_interop@12 100bbfe0 f   interop.obj
 0001:000bb000       _sqlite3_last_insert_rowid_interop@8 100bc000 f   interop.obj
 0001:000bb020       _sqlite3_memory_used_interop@4 100bc020 f   interop.obj
 0001:000bb040       _sqlite3_memory_highwater_interop@8 100bc040 f   interop.obj
 0001:000bb060       _sqlite3_column_text_interop@12 100bc060 f   interop.obj
 0001:000bb0a0       _sqlite3_column_text16_interop@12 100bc0a0 f   interop.obj
 0001:000bb0e0       _sqlite3_finalize_interop@4 100bc0e0 f   interop.obj
 0001:000bb140       _sqlite3_backup_finish_interop@4 100bc140 f   interop.obj
 0001:000bb1b0       _sqlite3_reset_interop@4   100bc1b0 f   interop.obj
 0001:000bb1d0       _sqlite3_create_function_interop@36 100bc1d0 f   interop.obj
 0001:000bb270       _sqlite3_value_double_interop@8 100bc270 f   interop.obj
 0001:000bb290       _sqlite3_value_int64_interop@8 100bc290 f   interop.obj
 0001:000bb2b0       _sqlite3_value_text_interop@8 100bc2b0 f   interop.obj
 0001:000bb2e0       _sqlite3_value_text16_interop@8 100bc2e0 f   interop.obj
 0001:000bb310       _sqlite3_result_double_interop@8 100bc310 f   interop.obj
 0001:000bb330       _sqlite3_result_int64_interop@8 100bc330 f   interop.obj
 0001:000bb350       _sqlite3_context_collcompare_interop@20 100bc350 f   interop.obj
 0001:000bb3a0       _sqlite3_context_collseq_interop@16 100bc3a0 f   interop.obj
 0001:000bb430       _sqlite3_column_database_name_interop@12 100bc430 f   interop.obj
 0001:000bb480       _sqlite3_column_database_name16_interop@12 100bc480 f   interop.obj
 0001:000bb4d0       _sqlite3_column_table_name_interop@12 100bc4d0 f   interop.obj
 0001:000bb520       _sqlite3_column_table_name16_interop@12 100bc520 f   interop.obj
 0001:000bb570       _sqlite3_column_origin_name_interop@12 100bc570 f   interop.obj
 0001:000bb5c0       _sqlite3_column_origin_name16_interop@12 100bc5c0 f   interop.obj
 0001:000bb610       _sqlite3_table_column_metadata_interop@44 100bc610 f   interop.obj
 0001:000bb6b0       _sqlite3_index_column_info_interop@32 100bc6b0 f   interop.obj
 0001:000bb7c0       _sqlite3_table_cursor_interop@12 100bc7c0 f   interop.obj
 0001:000bb890       _sqlite3_cursor_rowid_interop@12 100bc890 f   interop.obj
 0001:000bb9e0       _interop_test_extension_init 100bc9e0 f   interop.obj
 0001:000bbaee       _GetProcessHeap@0          100bcaee f   kernel32:KERNEL32.dll
 0001:000bbaf4       _OutputDebugStringW@4      100bcaf4 f   kernel32:KERNEL32.dll
 0001:000bbafa       _OutputDebugStringA@4      100bcafa f   kernel32:KERNEL32.dll
 0001:000bbb00       _WaitForSingleObject@8     100bcb00 f   kernel32:KERNEL32.dll
 0001:000bbb06       _WriteFile@20              100bcb06 f   kernel32:KERNEL32.dll
 0001:000bbb0c       _WideCharToMultiByte@32    100bcb0c f   kernel32:KERNEL32.dll
 0001:000bbb12       _UnmapViewOfFile@4         100bcb12 f   kernel32:KERNEL32.dll
 0001:000bbb18       _UnlockFileEx@20           100bcb18 f   kernel32:KERNEL32.dll
 0001:000bbb1e       _UnlockFile@20             100bcb1e f   kernel32:KERNEL32.dll
 0001:000bbb24       _SystemTimeToFileTime@8    100bcb24 f   kernel32:KERNEL32.dll
 0001:000bbb2a       _Sleep@4                   100bcb2a f   kernel32:KERNEL32.dll
 0001:000bbb30       _SetFilePointer@16         100bcb30 f   kernel32:KERNEL32.dll
 0001:000bbb36       _SetEndOfFile@4            100bcb36 f   kernel32:KERNEL32.dll
 0001:000bbb3c       _ReadFile@20               100bcb3c f   kernel32:KERNEL32.dll
 0001:000bbb42       _QueryPerformanceCounter@4 100bcb42 f   kernel32:KERNEL32.dll
 0001:000bbb48       _MultiByteToWideChar@24    100bcb48 f   kernel32:KERNEL32.dll
 0001:000bbb4e       _MapViewOfFile@20          100bcb4e f   kernel32:KERNEL32.dll
 0001:000bbb54       _LockFileEx@24             100bcb54 f   kernel32:KERNEL32.dll
 0001:000bbb5a       _LockFile@20               100bcb5a f   kernel32:KERNEL32.dll
 0001:000bbb60       _LocalFree@4               100bcb60 f   kernel32:KERNEL32.dll
 0001:000bbb66       _LoadLibraryW@4            100bcb66 f   kernel32:KERNEL32.dll
 0001:000bbb6c       _LoadLibraryA@4            100bcb6c f   kernel32:KERNEL32.dll
 0001:000bbb72       _HeapValidate@12           100bcb72 f   kernel32:KERNEL32.dll
 0001:000bbb78       _HeapSize@12               100bcb78 f   kernel32:KERNEL32.dll
 0001:000bbb7e       _HeapReAlloc@16            100bcb7e f   kernel32:KERNEL32.dll
 0001:000bbb84       _HeapFree@12               100bcb84 f   kernel32:KERNEL32.dll
 0001:000bbb8a       _HeapDestroy@4             100bcb8a f   kernel32:KERNEL32.dll
 0001:000bbb90       _HeapCreate@12             100bcb90 f   kernel32:KERNEL32.dll
 0001:000bbb96       _HeapAlloc@12              100bcb96 f   kernel32:KERNEL32.dll
 0001:000bbb9c       _GetVersionExA@4           100bcb9c f   kernel32:KERNEL32.dll
 0001:000bbba2       _GetTickCount@0            100bcba2 f   kernel32:KERNEL32.dll
 0001:000bbba8       _GetTempPathW@8            100bcba8 f   kernel32:KERNEL32.dll
 0001:000bbbae       _GetTempPathA@8            100bcbae f   kernel32:KERNEL32.dll
 0001:000bbbb4       _GetSystemTimeAsFileTime@4 100bcbb4 f   kernel32:KERNEL32.dll
 0001:000bbbba       _GetSystemTime@4           100bcbba f   kernel32:KERNEL32.dll
 0001:000bbbc0       _GetSystemInfo@4           100bcbc0 f   kernel32:KERNEL32.dll
 0001:000bbbc6       _GetProcAddress@8          100bcbc6 f   kernel32:KERNEL32.dll
 0001:000bbbcc       _GetLastError@0            100bcbcc f   kernel32:KERNEL32.dll
 0001:000bbbd2       _GetFullPathNameW@16       100bcbd2 f   kernel32:KERNEL32.dll
 0001:000bbbd8       _GetFullPathNameA@16       100bcbd8 f   kernel32:KERNEL32.dll
 0001:000bbbde       _GetFileSize@8             100bcbde f   kernel32:KERNEL32.dll
 0001:000bbbe4       _GetFileAttributesExW@12   100bcbe4 f   kernel32:KERNEL32.dll
 0001:000bbbea       _GetFileAttributesW@4      100bcbea f   kernel32:KERNEL32.dll
 0001:000bbbf0       _GetFileAttributesA@4      100bcbf0 f   kernel32:KERNEL32.dll
 0001:000bbbf6       _GetDiskFreeSpaceW@20      100bcbf6 f   kernel32:KERNEL32.dll
 0001:000bbbfc       _GetDiskFreeSpaceA@20      100bcbfc f   kernel32:KERNEL32.dll
 0001:000bbc02       _GetCurrentProcessId@0     100bcc02 f   kernel32:KERNEL32.dll
 0001:000bbc08       _FreeLibrary@4             100bcc08 f   kernel32:KERNEL32.dll
 0001:000bbc0e       _FormatMessageW@28         100bcc0e f   kernel32:KERNEL32.dll
 0001:000bbc14       _FormatMessageA@28         100bcc14 f   kernel32:KERNEL32.dll
 0001:000bbc1a       _FlushFileBuffers@4        100bcc1a f   kernel32:KERNEL32.dll
 0001:000bbc20       _DeleteFileW@4             100bcc20 f   kernel32:KERNEL32.dll
 0001:000bbc26       _DeleteFileA@4             100bcc26 f   kernel32:KERNEL32.dll
 0001:000bbc2c       _CreateMutexW@12           100bcc2c f   kernel32:KERNEL32.dll
 0001:000bbc32       _CreateFileMappingW@24     100bcc32 f   kernel32:KERNEL32.dll
 0001:000bbc38       _CreateFileMappingA@24     100bcc38 f   kernel32:KERNEL32.dll
 0001:000bbc3e       _CreateFileW@28            100bcc3e f   kernel32:KERNEL32.dll
 0001:000bbc44       _CreateFileA@28            100bcc44 f   kernel32:KERNEL32.dll
 0001:000bbc4a       _CloseHandle@4             100bcc4a f   kernel32:KERNEL32.dll
 0001:000bbc50       _AreFileApisANSI@0         100bcc50 f   kernel32:KERNEL32.dll
 0001:000bbc60       @__security_check_cookie@4 100bcc60 f   MSVCRTD:secchk.obj
 0001:000bbc70       __ftol2_sse                100bcc70 f   MSVCRTD:ftol2.obj
 0001:000bbc79       __ftol2_pentium4           100bcc79 f   MSVCRTD:ftol2.obj
 0001:000bbc8c       __ftol2_sse_excpt          100bcc8c f   MSVCRTD:ftol2.obj
 0001:000bbca6       __ftol2                    100bcca6 f   MSVCRTD:ftol2.obj
 0001:000bbd1c       _memset                    100bcd1c f   MSVCRTD:MSVCR100D.dll
 0001:000bbd22       _strcmp                    100bcd22 f   MSVCRTD:MSVCR100D.dll
 0001:000bbd30       __allmul                   100bcd30 f   MSVCRTD:llmul.obj
 0001:000bbd70       __allrem                   100bcd70 f   MSVCRTD:llrem.obj
 0001:000bbe30       __alldiv                   100bce30 f   MSVCRTD:lldiv.obj
 0001:000bbeda       _memcpy                    100bceda f   MSVCRTD:MSVCR100D.dll
 0001:000bbee0       __aulldiv                  100bcee0 f   MSVCRTD:ulldiv.obj
 0001:000bbf50       __aullrem                  100bcf50 f   MSVCRTD:ullrem.obj
 0001:000bbfd0       __alloca_probe             100bcfd0     MSVCRTD:chkstk.obj
 0001:000bbfd0       __chkstk                   100bcfd0 f   MSVCRTD:chkstk.obj
 0001:000bc000       __allshr                   100bd000 f   MSVCRTD:llshr.obj
 0001:000bc030       __allshl                   100bd030 f   MSVCRTD:llshl.obj
 0001:000bc050       _strlen                    100bd050 f   MSVCRTD:MSVCR100D.dll
 0001:000bc056       _memcmp                    100bd056 f   MSVCRTD:MSVCR100D.dll
 0001:000bc060       __aullshr                  100bd060 f   MSVCRTD:ullshr.obj
 0001:000bc080       _sqrt                      100bd080 f   MSVCRTD:MSVCR100D.dll
 0001:000bc086       _acos                      100bd086 f   MSVCRTD:MSVCR100D.dll
 0001:000bc08c       _asin                      100bd08c f   MSVCRTD:MSVCR100D.dll
 0001:000bc092       _atan                      100bd092 f   MSVCRTD:MSVCR100D.dll
 0001:000bc098       _log                       100bd098 f   MSVCRTD:MSVCR100D.dll
 0001:000bc09e       _sin                       100bd09e f   MSVCRTD:MSVCR100D.dll
 0001:000bc0a4       _cos                       100bd0a4 f   MSVCRTD:MSVCR100D.dll
 0001:000bc0aa       _tan                       100bd0aa f   MSVCRTD:MSVCR100D.dll
 0001:000bc0b0       _sinh                      100bd0b0 f   MSVCRTD:MSVCR100D.dll
 0001:000bc0b6       _cosh                      100bd0b6 f   MSVCRTD:MSVCR100D.dll
 0001:000bc0bc       _tanh                      100bd0bc f   MSVCRTD:MSVCR100D.dll
 0001:000bc0c2       _log10                     100bd0c2 f   MSVCRTD:MSVCR100D.dll
 0001:000bc0c8       _exp                       100bd0c8 f   MSVCRTD:MSVCR100D.dll
 0001:000bc0ce       _pow                       100bd0ce f   MSVCRTD:MSVCR100D.dll
 0001:000bc0d4       _atan2                     100bd0d4 f   MSVCRTD:MSVCR100D.dll
 0001:000bc0da       _strcpy                    100bd0da f   MSVCRTD:MSVCR100D.dll
 0001:000bc160       __CRT_INIT@12              100bd160 f   MSVCRTD:crtdll.obj
 0001:000bc450       _NtCurrentTeb              100bd450 f i MSVCRTD:crtdll.obj
 0001:000bc460       __DllMainCRTStartup@12     100bd460 f   MSVCRTD:crtdll.obj
 0001:000bc660       ___report_gsfailure        100bd660 f   MSVCRTD:gs_report.obj
 0001:000bc770       ___sse2_available_init     100bd770 f   MSVCRTD:cpu_disp.obj
 0001:000bc790       ___clean_type_info_names   100bd790 f   MSVCRTD:tncleanup.obj
 0001:000bc7b0       __onexit                   100bd7b0 f   MSVCRTD:atonexit.obj
 0001:000bc8b0       _atexit                    100bd8b0 f   MSVCRTD:atonexit.obj
 0001:000bc8d0       __RTC_Initialize           100bd8d0 f   MSVCRTD:_initsect_.obj
 0001:000bc900       __RTC_Terminate            100bd900 f   MSVCRTD:_initsect_.obj
 0001:000bc930       __ValidateImageBase        100bd930 f   MSVCRTD:pesect.obj
 0001:000bc990       __FindPESection            100bd990 f   MSVCRTD:pesect.obj
 0001:000bca10       __IsNonwritableInCurrentImage 100bda10 f   MSVCRTD:pesect.obj
 0001:000bcb22       __initterm                 100bdb22 f   MSVCRTD:MSVCR100D.dll
 0001:000bcb28       __initterm_e               100bdb28 f   MSVCRTD:MSVCR100D.dll
 0001:000bcb2e       __amsg_exit                100bdb2e f   MSVCRTD:MSVCR100D.dll
 0001:000bcb40       ___security_init_cookie    100bdb40 f   MSVCRTD:gs_support.obj
 0001:000bcc20       ___CppXcptFilter           100bdc20 f   MSVCRTD:MSVCR100D.dll
 0001:000bcc30       _DllMain@12                100bdc30 f   MSVCRTD:dllmain.obj
 0001:000bcc60       __except_handler4          100bdc60 f   MSVCRTD:chandler4gs.obj
 0001:000bcc8a       __crt_debugger_hook        100bdc8a f   MSVCRTD:MSVCR100D.dll
 0001:000bcc90       ___clean_type_info_names_internal 100bdc90 f   MSVCRTD:MSVCR100D.dll
 0001:000bcc96       __unlock                   100bdc96 f   MSVCRTD:MSVCR100D.dll
 0001:000bcc9c       ___dllonexit               100bdc9c f   MSVCRTD:MSVCR100D.dll
 0001:000bcca2       __lock                     100bdca2 f   MSVCRTD:MSVCR100D.dll
 0001:000bcca8       __except_handler4_common   100bdca8 f   MSVCRTD:MSVCR100D.dll
 0001:000bcd18       ?System.Data.SQLite.SQLiteConvert..ctor@@2003011180941180810O 100bdd18 f   System.Data.SQLite.netmodule
 0001:000bcd4c       ?System.Data.SQLite.SQLiteConvert.ToUTF8@@00011N050O 100bdd4c f   System.Data.SQLite.netmodule
 0001:000bcd90       ?System.Data.SQLite.SQLiteConvert.ToUTF8@@20011N051179 100bdd90 f   System.Data.SQLite.netmodule
 0001:000bcdb0       ?System.Data.SQLite.SQLiteConvert.ToString@@20020O1808 100bddb0 f   System.Data.SQLite.netmodule
 0001:000bcdcc       ?System.Data.SQLite.SQLiteConvert.UTF8ToString@@00020O1808 100bddcc f   System.Data.SQLite.netmodule
 0001:000bce5c       ?System.Data.SQLite.SQLiteConvert.ToDateTime@@200111790O 100bde5c f   System.Data.SQLite.netmodule
 0001:000bce88       ?System.Data.SQLite.SQLiteConvert.ToDateTime@@000411790O1180941180810O 100bde88 f   System.Data.SQLite.netmodule
 0001:000bcfe4       ?System.Data.SQLite.SQLiteConvert.ToDateTime@@200111790N 100bdfe4 f   System.Data.SQLite.netmodule
 0001:000bd004       ?System.Data.SQLite.SQLiteConvert.ToDateTime@@000211790N118081 100be004 f   System.Data.SQLite.netmodule
 0001:000bd028       ?System.Data.SQLite.SQLiteConvert.ToDateTime@@0002117908118081 100be028 f   System.Data.SQLite.netmodule
 0001:000bd050       ?System.Data.SQLite.SQLiteConvert.ToDateTime@@000211790K118081 100be050 f   System.Data.SQLite.netmodule
 0001:000bd06c       ?System.Data.SQLite.SQLiteConvert.ToJulianDay@@00010N1179 100be06c f   System.Data.SQLite.netmodule
 0001:000bd08c       ?System.Data.SQLite.SQLiteConvert.ToUnixEpoch@@00010K1179 100be08c f   System.Data.SQLite.netmodule
 0001:000bd0bc       ?System.Data.SQLite.SQLiteConvert.GetDateTimeKindFormat@@00020O1180810O 100be0bc f   System.Data.SQLite.netmodule
 0001:000bd0ec       ?System.Data.SQLite.SQLiteConvert.ToString@@20010O1179 100be0ec f   System.Data.SQLite.netmodule
 0001:000bd228       ?System.Data.SQLite.SQLiteConvert.ToDateTime@@200211791808 100be228 f   System.Data.SQLite.netmodule
 0001:000bd248       ?System.Data.SQLite.SQLiteConvert.Split@@00021N0O0O03 100be248 f   System.Data.SQLite.netmodule
 0001:000bd3fc       ?System.Data.SQLite.SQLiteConvert.NewSplit@@00041N0O0O0302100O 100be3fc f   System.Data.SQLite.netmodule
 0001:000bd5a4       ?System.Data.SQLite.SQLiteConvert.ToBoolean@@0001021M 100be5a4 f   System.Data.SQLite.netmodule
 0001:000bd5dc       ?System.Data.SQLite.SQLiteConvert.ToBoolean@@0001020O 100be5dc f   System.Data.SQLite.netmodule
 0001:000bd6fc       ?System.Data.SQLite.SQLiteConvert.ColumnToType@@000301128124081280K4 100be6fc f   System.Data.SQLite.netmodule
 0001:000bd728       ?System.Data.SQLite.SQLiteConvert.SQLiteTypeToType@@00011280851280K4 100be728 f   System.Data.SQLite.netmodule
 0001:000bd768       ?System.Data.SQLite.SQLiteConvert.TypeToDbType@@0001118089128085 100be768 f   System.Data.SQLite.netmodule
 0001:000bd7d0       ?System.Data.SQLite.SQLiteConvert.DbTypeToColumnSize@@000108118089 100be7d0 f   System.Data.SQLite.netmodule
 0001:000bd7ec       ?System.Data.SQLite.SQLiteConvert.DbTypeToNumericPrecision@@00011M118089 100be7ec f   System.Data.SQLite.netmodule
 0001:000bd808       ?System.Data.SQLite.SQLiteConvert.DbTypeToNumericScale@@00011M118089 100be808 f   System.Data.SQLite.netmodule
 0001:000bd824       ?System.Data.SQLite.SQLiteConvert.DbTypeToTypeName@@00010O118089 100be824 f   System.Data.SQLite.netmodule
 0001:000bd8e8       ?System.Data.SQLite.SQLiteConvert.DbTypeToType@@0001128085118089 100be8e8 f   System.Data.SQLite.netmodule
 0001:000bd904       ?System.Data.SQLite.SQLiteConvert.TypeToAffinity@@000111808M128085 100be904 f   System.Data.SQLite.netmodule
 0001:000bd968       ?System.Data.SQLite.SQLiteConvert.GetSQLiteDbTypeMap@@00001280K8 100be968 f   System.Data.SQLite.netmodule
 0001:000bde2c       ?System.Data.SQLite.SQLiteConvert.TypeNameToDbType@@00011180890O 100bee2c f   System.Data.SQLite.netmodule
 0001:000bdf4c       ?System.Data.SQLite.SQLiteConvert..cctor@@000001 100bef4c f   System.Data.SQLite.netmodule
 0001:000be5b4       ?System.Data.SQLite.SQLiteBase..ctor@@2003011180941180810O 100bf5b4 f   System.Data.SQLite.netmodule
 0001:000be5d0       ?System.Data.SQLite.SQLiteBase.Dispose@@200001 100bf5d0 f   System.Data.SQLite.netmodule
 0001:000be5f0       ?System.Data.SQLite.SQLiteBase.CheckDisposed@@200001 100bf5f0 f   System.Data.SQLite.netmodule
 0001:000be620       ?System.Data.SQLite.SQLiteBase.Dispose@@20010102 100bf620 f   System.Data.SQLite.netmodule
 0001:000be644       ?System.Data.SQLite.SQLiteBase.Finalize@@200001 100bf644 f   System.Data.SQLite.netmodule
 0001:000be684       ?System.Data.SQLite.SQLiteBase.FallbackGetErrorString@@00010O1180MM 100bf684 f   System.Data.SQLite.netmodule
 0001:000be6cc       ?System.Data.SQLite.SQLiteBase.GetErrorString@@00010O1180MM 100bf6cc f   System.Data.SQLite.netmodule
 0001:000be730       ?System.Data.SQLite.SQLiteBase.GetLastError@@00020O1281KM18 100bf730 f   System.Data.SQLite.netmodule
 0001:000be800       ?System.Data.SQLite.SQLiteBase.FinishBackup@@0002011281KM18 100bf800 f   System.Data.SQLite.netmodule
 0001:000be8a0       ?System.Data.SQLite.SQLiteBase.FinalizeStatement@@0002011281KM18 100bf8a0 f   System.Data.SQLite.netmodule
 0001:000be940       ?System.Data.SQLite.SQLiteBase.CloseConnection@@0002011281KM18 100bf940 f   System.Data.SQLite.netmodule
 0001:000be9e8       ?System.Data.SQLite.SQLiteBase.CloseConnectionV2@@0002011281KM18 100bf9e8 f   System.Data.SQLite.netmodule
 0001:000bea90       ?System.Data.SQLite.SQLiteBase.ResetConnection@@0003021281KM1802 100bfa90 f   System.Data.SQLite.netmodule
 0001:000bec24       ?System.Data.SQLite.SQLiteBase.IsAutocommit@@0002021281KM18 100bfc24 f   System.Data.SQLite.netmodule
 0001:000bece0       ?System.Data.SQLite.SQLiteBase..cctor@@000001 100bfce0 f   System.Data.SQLite.netmodule
 0001:000bede8       ?System.Data.SQLite.SQLite3..ctor@@2006011180941180810O180O02 100bfde8 f   System.Data.SQLite.netmodule
 0001:000bee30       ?System.Data.SQLite.SQLite3.CheckDisposed@@200001 100bfe30 f   System.Data.SQLite.netmodule
 0001:000bee60       ?System.Data.SQLite.SQLite3.Dispose@@20010102 100bfe60 f   System.Data.SQLite.netmodule
 0001:000beebc       ?System.Data.SQLite.SQLite3.DisposeModules@@200001 100bfebc f   System.Data.SQLite.netmodule
 0001:000bef54       ?System.Data.SQLite.SQLite3.Close@@20010102 100bff54 f   System.Data.SQLite.netmodule
 0001:000beff4       ?System.Data.SQLite.SQLite3.Cancel@@200001 100bfff4 f   System.Data.SQLite.netmodule
 0001:000bf014       ?System.Data.SQLite.SQLite3.BindFunction@@2003011280PM1280N41128 100c0014 f   System.Data.SQLite.netmodule
 0001:000bf054       ?System.Data.SQLite.SQLite3.get_Version@@20000O 100c0054 f   System.Data.SQLite.netmodule
 0001:000bf06c       ?System.Data.SQLite.SQLite3.get_VersionNumber@@200008 100c006c f   System.Data.SQLite.netmodule
 0001:000bf084       ?System.Data.SQLite.SQLite3.get_DefineConstants@@00000O 100c0084 f   System.Data.SQLite.netmodule
 0001:000bf134       ?System.Data.SQLite.SQLite3.get_SQLiteVersion@@00000O 100c0134 f   System.Data.SQLite.netmodule
 0001:000bf154       ?System.Data.SQLite.SQLite3.get_SQLiteVersionNumber@@000008 100c0154 f   System.Data.SQLite.netmodule
 0001:000bf16c       ?System.Data.SQLite.SQLite3.get_SQLiteSourceId@@00000O 100c016c f   System.Data.SQLite.netmodule
 0001:000bf18c       ?System.Data.SQLite.SQLite3.get_AutoCommit@@200002 100c018c f   System.Data.SQLite.netmodule
 0001:000bf1b4       ?System.Data.SQLite.SQLite3.get_LastInsertRowId@@20000K 100c01b4 f   System.Data.SQLite.netmodule
 0001:000bf1d8       ?System.Data.SQLite.SQLite3.get_Changes@@200008 100c01d8 f   System.Data.SQLite.netmodule
 0001:000bf1fc       ?System.Data.SQLite.SQLite3.get_MemoryUsed@@20000K 100c01fc f   System.Data.SQLite.netmodule
 0001:000bf214       ?System.Data.SQLite.SQLite3.get_MemoryHighwater@@20000K 100c0214 f   System.Data.SQLite.netmodule
 0001:000bf22c       ?System.Data.SQLite.SQLite3.get_OwnHandle@@200002 100c022c f   System.Data.SQLite.netmodule
 0001:000bf264       ?System.Data.SQLite.SQLite3.SetMemoryStatus@@20011180MM02 100c0264 f   System.Data.SQLite.netmodule
 0001:000bf27c       ?System.Data.SQLite.SQLite3.StaticSetMemoryStatus@@00011180MM02 100c027c f   System.Data.SQLite.netmodule
 0001:000bf2a0       ?System.Data.SQLite.SQLite3.Shutdown@@20001180MM 100c02a0 f   System.Data.SQLite.netmodule
 0001:000bf2bc       ?System.Data.SQLite.SQLite3.IsOpen@@200002 100c02bc f   System.Data.SQLite.netmodule
 0001:000bf2f8       ?System.Data.SQLite.SQLite3.Open@@2005010O112811240802 100c02f8 f   System.Data.SQLite.netmodule
 0001:000bf488       ?System.Data.SQLite.SQLite3.ClearPool@@200001 100c0488 f   System.Data.SQLite.netmodule
 0001:000bf4a4       ?System.Data.SQLite.SQLite3.CountPool@@200008 100c04a4 f   System.Data.SQLite.netmodule
 0001:000bf4d4       ?System.Data.SQLite.SQLite3.SetTimeout@@20010108 100c04d4 f   System.Data.SQLite.netmodule
 0001:000bf50c       ?System.Data.SQLite.SQLite3.Step@@200102128124 100c050c f   System.Data.SQLite.netmodule
 0001:000bf610       ?System.Data.SQLite.SQLite3.Reset@@20011180MM128124 100c0610 f   System.Data.SQLite.netmodule
 0001:000bf6ec       ?System.Data.SQLite.SQLite3.GetLastError@@20000O 100c06ec f   System.Data.SQLite.netmodule
 0001:000bf714       ?System.Data.SQLite.SQLite3.Prepare@@200512812412400O12812409100O 100c0714 f   System.Data.SQLite.netmodule
 0001:000bfb4c       ?System.Data.SQLite.SQLite3.LogBind@@0002011281L008 100c0b4c f   System.Data.SQLite.netmodule
 0001:000bfb90       ?System.Data.SQLite.SQLite3.LogBind@@0003011281L008124N 100c0b90 f   System.Data.SQLite.netmodule
 0001:000bfbdc       ?System.Data.SQLite.SQLite3.FormatDateTime@@00010O1179 100c0bdc f   System.Data.SQLite.netmodule
 0001:000bfc40       ?System.Data.SQLite.SQLite3.LogBind@@0003011281L0081179 100c0c40 f   System.Data.SQLite.netmodule
 0001:000bfc98       ?System.Data.SQLite.SQLite3.LogBind@@0003011281L0080O 100c0c98 f   System.Data.SQLite.netmodule
 0001:000bfcf4       ?System.Data.SQLite.SQLite3.ToHexadecimalString@@00010O1N05 100c0cf4 f   System.Data.SQLite.netmodule
 0001:000bfd54       ?System.Data.SQLite.SQLite3.LogBind@@0003011281L0081N05 100c0d54 f   System.Data.SQLite.netmodule
 0001:000bfdb4       ?System.Data.SQLite.SQLite3.Bind_Double@@2004011281241128080N 100c0db4 f   System.Data.SQLite.netmodule
 0001:000bfe0c       ?System.Data.SQLite.SQLite3.Bind_Int32@@20040112812411280808 100c0e0c f   System.Data.SQLite.netmodule
 0001:000bfe64       ?System.Data.SQLite.SQLite3.Bind_UInt32@@20040112812411280809 100c0e64 f   System.Data.SQLite.netmodule
 0001:000bfee4       ?System.Data.SQLite.SQLite3.Bind_Int64@@2004011281241128080K 100c0ee4 f   System.Data.SQLite.netmodule
 0001:000bff3c       ?System.Data.SQLite.SQLite3.Bind_UInt64@@2004011281241128080L 100c0f3c f   System.Data.SQLite.netmodule
 0001:000bff94       ?System.Data.SQLite.SQLite3.Bind_Text@@2004011281241128080O 100c0f94 f   System.Data.SQLite.netmodule
 0001:000c0010       ?System.Data.SQLite.SQLite3.Bind_DateTime@@2004011281241128081179 100c1010 f   System.Data.SQLite.netmodule
 0001:000c01b8       ?System.Data.SQLite.SQLite3.Bind_Blob@@2004011281241128081N05 100c11b8 f   System.Data.SQLite.netmodule
 0001:000c0214       ?System.Data.SQLite.SQLite3.Bind_Null@@200301128124112808 100c1214 f   System.Data.SQLite.netmodule
 0001:000c0264       ?System.Data.SQLite.SQLite3.Bind_ParamCount@@2002081281241128 100c1264 f   System.Data.SQLite.netmodule
 0001:000c02d4       ?System.Data.SQLite.SQLite3.Bind_ParamName@@20030O128124112808 100c12d4 f   System.Data.SQLite.netmodule
 0001:000c0354       ?System.Data.SQLite.SQLite3.Bind_ParamIndex@@20030812812411280O 100c1354 f   System.Data.SQLite.netmodule
 0001:000c03d0       ?System.Data.SQLite.SQLite3.ColumnCount@@200108128124 100c13d0 f   System.Data.SQLite.netmodule
 0001:000c03f4       ?System.Data.SQLite.SQLite3.ColumnName@@20020O12812408 100c13f4 f   System.Data.SQLite.netmodule
 0001:000c0420       ?System.Data.SQLite.SQLite3.ColumnAffinity@@200211808M12812408 100c1420 f   System.Data.SQLite.netmodule
 0001:000c0444       ?System.Data.SQLite.SQLite3.ColumnType@@20030O128124081011808M 100c1444 f   System.Data.SQLite.netmodule
 0001:000c04c4       ?System.Data.SQLite.SQLite3.ColumnIndex@@2002081281240O 100c14c4 f   System.Data.SQLite.netmodule
 0001:000c0510       ?System.Data.SQLite.SQLite3.ColumnOriginalName@@20020O12812408 100c1510 f   System.Data.SQLite.netmodule
 0001:000c053c       ?System.Data.SQLite.SQLite3.ColumnDatabaseName@@20020O12812408 100c153c f   System.Data.SQLite.netmodule
 0001:000c0568       ?System.Data.SQLite.SQLite3.ColumnTableName@@20020O12812408 100c1568 f   System.Data.SQLite.netmodule
 0001:000c0594       ?System.Data.SQLite.SQLite3.ColumnMetaData@@2008010O0O0O100O100O100210021002 100c1594 f   System.Data.SQLite.netmodule
 0001:000c0618       ?System.Data.SQLite.SQLite3.GetDouble@@20020N12812408 100c1618 f   System.Data.SQLite.netmodule
 0001:000c0640       ?System.Data.SQLite.SQLite3.GetSByte@@20020412812408 100c1640 f   System.Data.SQLite.netmodule
 0001:000c0664       ?System.Data.SQLite.SQLite3.GetByte@@20020512812408 100c1664 f   System.Data.SQLite.netmodule
 0001:000c0688       ?System.Data.SQLite.SQLite3.GetInt16@@20020612812408 100c1688 f   System.Data.SQLite.netmodule
 0001:000c06ac       ?System.Data.SQLite.SQLite3.GetUInt16@@20020712812408 100c16ac f   System.Data.SQLite.netmodule
 0001:000c06d0       ?System.Data.SQLite.SQLite3.GetInt32@@20020812812408 100c16d0 f   System.Data.SQLite.netmodule
 0001:000c06f4       ?System.Data.SQLite.SQLite3.GetUInt32@@20020912812408 100c16f4 f   System.Data.SQLite.netmodule
 0001:000c0710       ?System.Data.SQLite.SQLite3.GetInt64@@20020K12812408 100c1710 f   System.Data.SQLite.netmodule
 0001:000c0738       ?System.Data.SQLite.SQLite3.GetUInt64@@20020L12812408 100c1738 f   System.Data.SQLite.netmodule
 0001:000c0754       ?System.Data.SQLite.SQLite3.GetText@@20020O12812408 100c1754 f   System.Data.SQLite.netmodule
 0001:000c0780       ?System.Data.SQLite.SQLite3.GetDateTime@@2002117912812408 100c1780 f   System.Data.SQLite.netmodule
 0001:000c0820       ?System.Data.SQLite.SQLite3.GetBytes@@20060K12812408081N050808 100c1820 f   System.Data.SQLite.netmodule
 0001:000c08c4       ?System.Data.SQLite.SQLite3.GetChars@@20060K12812408081N030808 100c18c4 f   System.Data.SQLite.netmodule
 0001:000c0948       ?System.Data.SQLite.SQLite3.IsNull@@20020212812408 100c1948 f   System.Data.SQLite.netmodule
 0001:000c0968       ?System.Data.SQLite.SQLite3.AggregateCount@@20010818 100c1968 f   System.Data.SQLite.netmodule
 0001:000c0980       ?System.Data.SQLite.SQLite3.CreateFunction@@2006010O08021280O41280O41280O8 100c1980 f   System.Data.SQLite.netmodule
 0001:000c0a08       ?System.Data.SQLite.SQLite3.CreateCollation@@2003010O1280OM1280OM 100c1a08 f   System.Data.SQLite.netmodule
 0001:000c0a74       ?System.Data.SQLite.SQLite3.ContextCollateCompare@@2004081180P4180O0O 100c1a74 f   System.Data.SQLite.netmodule
 0001:000c0adc       ?System.Data.SQLite.SQLite3.ContextCollateCompare@@2004081180P4181N031N03 100c1adc f   System.Data.SQLite.netmodule
 0001:000c0b44       ?System.Data.SQLite.SQLite3.GetCollationSequence@@20021180P81280N418 100c1b44 f   System.Data.SQLite.netmodule
 0001:000c0b9c       ?System.Data.SQLite.SQLite3.GetParamValueBytes@@20050K18081N050808 100c1b9c f   System.Data.SQLite.netmodule
 0001:000c0c28       ?System.Data.SQLite.SQLite3.GetParamValueDouble@@20010N18 100c1c28 f   System.Data.SQLite.netmodule
 0001:000c0c44       ?System.Data.SQLite.SQLite3.GetParamValueInt32@@20010818 100c1c44 f   System.Data.SQLite.netmodule
 0001:000c0c5c       ?System.Data.SQLite.SQLite3.GetParamValueInt64@@20010K18 100c1c5c f   System.Data.SQLite.netmodule
 0001:000c0c78       ?System.Data.SQLite.SQLite3.GetParamValueText@@20010O18 100c1c78 f   System.Data.SQLite.netmodule
 0001:000c0c98       ?System.Data.SQLite.SQLite3.GetParamValueType@@200111808M18 100c1c98 f   System.Data.SQLite.netmodule
 0001:000c0cb0       ?System.Data.SQLite.SQLite3.ReturnBlob@@200201181N05 100c1cb0 f   System.Data.SQLite.netmodule
 0001:000c0cd0       ?System.Data.SQLite.SQLite3.ReturnDouble@@200201180N 100c1cd0 f   System.Data.SQLite.netmodule
 0001:000c0ce8       ?System.Data.SQLite.SQLite3.ReturnError@@200201180O 100c1ce8 f   System.Data.SQLite.netmodule
 0001:000c0d0c       ?System.Data.SQLite.SQLite3.ReturnInt32@@2002011808 100c1d0c f   System.Data.SQLite.netmodule
 0001:000c0d24       ?System.Data.SQLite.SQLite3.ReturnInt64@@200201180K 100c1d24 f   System.Data.SQLite.netmodule
 0001:000c0d3c       ?System.Data.SQLite.SQLite3.ReturnNull@@20010118 100c1d3c f   System.Data.SQLite.netmodule
 0001:000c0d54       ?System.Data.SQLite.SQLite3.ReturnText@@200201180O 100c1d54 f   System.Data.SQLite.netmodule
 0001:000c0d84       ?System.Data.SQLite.SQLite3.CreateModule@@2002011282041128 100c1d84 f   System.Data.SQLite.netmodule
 0001:000c0e88       ?System.Data.SQLite.SQLite3.DisposeModule@@2002011282041128 100c1e88 f   System.Data.SQLite.netmodule
 0001:000c0eb4       ?System.Data.SQLite.SQLite3.AggregateContext@@20011818 100c1eb4 f   System.Data.SQLite.netmodule
 0001:000c0ed0       ?System.Data.SQLite.SQLite3.DeclareVirtualTable@@20031180MM1282040O100O 100c1ed0 f   System.Data.SQLite.netmodule
 0001:000c0f88       ?System.Data.SQLite.SQLite3.DeclareVirtualFunction@@20041180MM128204080O100O 100c1f88 f   System.Data.SQLite.netmodule
 0001:000c102c       ?System.Data.SQLite.SQLite3.SetLoadExtension@@20010102 100c202c f   System.Data.SQLite.netmodule
 0001:000c1068       ?System.Data.SQLite.SQLite3.LoadExtension@@2002010O0O 100c2068 f   System.Data.SQLite.netmodule
 0001:000c113c       ?System.Data.SQLite.SQLite3.SetExtendedResultCodes@@20010102 100c213c f   System.Data.SQLite.netmodule
 0001:000c1178       ?System.Data.SQLite.SQLite3.ResultCode@@20001180MM 100c2178 f   System.Data.SQLite.netmodule
 0001:000c119c       ?System.Data.SQLite.SQLite3.ExtendedResultCode@@20001180MM 100c219c f   System.Data.SQLite.netmodule
 0001:000c11c0       ?System.Data.SQLite.SQLite3.LogMessage@@2002011180MM0O 100c21c0 f   System.Data.SQLite.netmodule
 0001:000c11dc       ?System.Data.SQLite.SQLite3.SetPassword@@2001011N05 100c21dc f   System.Data.SQLite.netmodule
 0001:000c1214       ?System.Data.SQLite.SQLite3.ChangePassword@@2001011N05 100c2214 f   System.Data.SQLite.netmodule
 0001:000c1254       ?System.Data.SQLite.SQLite3.SetUpdateHook@@2001011248 100c2254 f   System.Data.SQLite.netmodule
 0001:000c127c       ?System.Data.SQLite.SQLite3.SetCommitHook@@200101124M 100c227c f   System.Data.SQLite.netmodule
 0001:000c12a4       ?System.Data.SQLite.SQLite3.SetTraceCallback@@2001011250 100c22a4 f   System.Data.SQLite.netmodule
 0001:000c12cc       ?System.Data.SQLite.SQLite3.SetRollbackHook@@2001011254 100c22cc f   System.Data.SQLite.netmodule
 0001:000c12f4       ?System.Data.SQLite.SQLite3.SetLogCallback@@20011180MM1208 100c22f4 f   System.Data.SQLite.netmodule
 0001:000c1318       ?System.Data.SQLite.SQLite3.InitializeBackup@@2003121M12400O0O 100c2318 f   System.Data.SQLite.netmodule
 0001:000c1484       ?System.Data.SQLite.SQLite3.StepBackup@@200302121M081002 100c2484 f   System.Data.SQLite.netmodule
 0001:000c1554       ?System.Data.SQLite.SQLite3.RemainingBackup@@200108121M 100c2554 f   System.Data.SQLite.netmodule
 0001:000c15c4       ?System.Data.SQLite.SQLite3.PageCountBackup@@200108121M 100c25c4 f   System.Data.SQLite.netmodule
 0001:000c1634       ?System.Data.SQLite.SQLite3.FinishBackup@@200101121M 100c2634 f   System.Data.SQLite.netmodule
 0001:000c16c8       ?System.Data.SQLite.SQLite3.IsInitialized@@200002 100c26c8 f   System.Data.SQLite.netmodule
 0001:000c16e0       ?System.Data.SQLite.SQLite3.StaticIsInitialized@@000002 100c26e0 f   System.Data.SQLite.netmodule
 0001:000c1774       ?System.Data.SQLite.SQLite3.GetValue@@20041M1281241128081280K4 100c2774 f   System.Data.SQLite.netmodule
 0001:000c1a58       ?System.Data.SQLite.SQLite3.GetCursorForTable@@2003081281240808 100c2a58 f   System.Data.SQLite.netmodule
 0001:000c1a7c       ?System.Data.SQLite.SQLite3.GetRowIdForCursor@@20020K12812408 100c2a7c f   System.Data.SQLite.netmodule
 0001:000c1ab4       ?System.Data.SQLite.SQLite3.GetIndexColumnExtendedInfo@@2006010O0O0O10081008100O 100c2ab4 f   System.Data.SQLite.netmodule
 0001:000c1b08       ?System.Data.SQLite.SQLite3.FileControl@@20031180MM0O0818 100c2b08 f   System.Data.SQLite.netmodule
 0001:000c1b3c       ?System.Data.SQLite.SQLite3..cctor@@000001 100c2b3c f   System.Data.SQLite.netmodule
 0001:000c1b54       ?System.Data.SQLite.SQLite3_UTF16..ctor@@2006011180941180810O180O02 100c2b54 f   System.Data.SQLite.netmodule
 0001:000c1b74       ?System.Data.SQLite.SQLite3_UTF16.CheckDisposed@@200001 100c2b74 f   System.Data.SQLite.netmodule
 0001:000c1ba4       ?System.Data.SQLite.SQLite3_UTF16.Dispose@@20010102 100c2ba4 f   System.Data.SQLite.netmodule
 0001:000c1bf4       ?System.Data.SQLite.SQLite3_UTF16.ToString@@20020O1808 100c2bf4 f   System.Data.SQLite.netmodule
 0001:000c1c14       ?System.Data.SQLite.SQLite3_UTF16.UTF16ToString@@00020O1808 100c2c14 f   System.Data.SQLite.netmodule
 0001:000c1c64       ?System.Data.SQLite.SQLite3_UTF16.Open@@2005010O112811240802 100c2c64 f   System.Data.SQLite.netmodule
 0001:000c1e08       ?System.Data.SQLite.SQLite3_UTF16.Bind_DateTime@@2004011281241128081179 100c2e08 f   System.Data.SQLite.netmodule
 0001:000c1e80       ?System.Data.SQLite.SQLite3_UTF16.Bind_Text@@2004011281241128080O 100c2e80 f   System.Data.SQLite.netmodule
 0001:000c1ee4       ?System.Data.SQLite.SQLite3_UTF16.GetDateTime@@2002117912812408 100c2ee4 f   System.Data.SQLite.netmodule
 0001:000c1f78       ?System.Data.SQLite.SQLite3_UTF16.ColumnName@@20020O12812408 100c2f78 f   System.Data.SQLite.netmodule
 0001:000c1fa4       ?System.Data.SQLite.SQLite3_UTF16.GetText@@20020O12812408 100c2fa4 f   System.Data.SQLite.netmodule
 0001:000c1fd0       ?System.Data.SQLite.SQLite3_UTF16.ColumnOriginalName@@20020O12812408 100c2fd0 f   System.Data.SQLite.netmodule
 0001:000c1ffc       ?System.Data.SQLite.SQLite3_UTF16.ColumnDatabaseName@@20020O12812408 100c2ffc f   System.Data.SQLite.netmodule
 0001:000c2028       ?System.Data.SQLite.SQLite3_UTF16.ColumnTableName@@20020O12812408 100c3028 f   System.Data.SQLite.netmodule
 0001:000c2054       ?System.Data.SQLite.SQLite3_UTF16.GetParamValueText@@20010O18 100c3054 f   System.Data.SQLite.netmodule
 0001:000c2074       ?System.Data.SQLite.SQLite3_UTF16.ReturnError@@200201180O 100c3074 f   System.Data.SQLite.netmodule
 0001:000c2094       ?System.Data.SQLite.SQLite3_UTF16.ReturnText@@200201180O 100c3094 f   System.Data.SQLite.netmodule
 0001:000c20b8       ?System.Data.SQLite.SQLiteBackup..ctor@@20060112101281L4181N05181N05 100c30b8 f   System.Data.SQLite.netmodule
 0001:000c20fc       ?System.Data.SQLite.SQLiteBackup.Dispose@@200001 100c30fc f   System.Data.SQLite.netmodule
 0001:000c211c       ?System.Data.SQLite.SQLiteBackup.CheckDisposed@@200001 100c311c f   System.Data.SQLite.netmodule
 0001:000c214c       ?System.Data.SQLite.SQLiteBackup.Dispose@@20010102 100c314c f   System.Data.SQLite.netmodule
 0001:000c21c4       ?System.Data.SQLite.SQLiteBackup.Finalize@@200001 100c31c4 f   System.Data.SQLite.netmodule
 0001:000c2204       ?System.Data.SQLite.SQLiteCommand..ctor@@200001 100c3204 f   System.Data.SQLite.netmodule
 0001:000c221c       ?System.Data.SQLite.SQLiteCommand..ctor@@2001010O 100c321c f   System.Data.SQLite.netmodule
 0001:000c2238       ?System.Data.SQLite.SQLiteCommand..ctor@@2002010O1240 100c3238 f   System.Data.SQLite.netmodule
 0001:000c2254       ?System.Data.SQLite.SQLiteCommand..ctor@@2001011240 100c3254 f   System.Data.SQLite.netmodule
 0001:000c2270       ?System.Data.SQLite.SQLiteCommand..ctor@@2001011230 100c3270 f   System.Data.SQLite.netmodule
 0001:000c2330       ?System.Data.SQLite.SQLiteCommand..ctor@@2003010O1240128128 100c3330 f   System.Data.SQLite.netmodule
 0001:000c23b8       ?System.Data.SQLite.SQLiteCommand.Check@@0001011230 100c33b8 f   System.Data.SQLite.netmodule
 0001:000c23e4       ?System.Data.SQLite.SQLiteCommand.CheckDisposed@@200001 100c33e4 f   System.Data.SQLite.netmodule
 0001:000c2414       ?System.Data.SQLite.SQLiteCommand.Dispose@@20010102 100c3414 f   System.Data.SQLite.netmodule
 0001:000c24f0       ?System.Data.SQLite.SQLiteCommand.GetFlags@@000111281230 100c34f0 f   System.Data.SQLite.netmodule
 0001:000c2550       ?System.Data.SQLite.SQLiteCommand.ClearCommands@@200001 100c3550 f   System.Data.SQLite.netmodule
 0001:000c2610       ?System.Data.SQLite.SQLiteCommand.BuildNextCommand@@2000128124 100c3610 f   System.Data.SQLite.netmodule
 0001:000c276c       ?System.Data.SQLite.SQLiteCommand.GetStatement@@200112812408 100c376c f   System.Data.SQLite.netmodule
 0001:000c27e0       ?System.Data.SQLite.SQLiteCommand.Cancel@@200001 100c37e0 f   System.Data.SQLite.netmodule
 0001:000c2824       ?System.Data.SQLite.SQLiteCommand.get_CommandText@@20000O 100c3824 f   System.Data.SQLite.netmodule
 0001:000c2844       ?System.Data.SQLite.SQLiteCommand.set_CommandText@@2001010O 100c3844 f   System.Data.SQLite.netmodule
 0001:000c28b8       ?System.Data.SQLite.SQLiteCommand.get_CommandTimeout@@200008 100c38b8 f   System.Data.SQLite.netmodule
 0001:000c28d8       ?System.Data.SQLite.SQLiteCommand.set_CommandTimeout@@20010108 100c38d8 f   System.Data.SQLite.netmodule
 0001:000c28f4       ?System.Data.SQLite.SQLiteCommand.get_CommandType@@2000118099 100c38f4 f   System.Data.SQLite.netmodule
 0001:000c2910       ?System.Data.SQLite.SQLiteCommand.set_CommandType@@200101118099 100c3910 f   System.Data.SQLite.netmodule
 0001:000c2934       ?System.Data.SQLite.SQLiteCommand.CreateDbParameter@@20001255 100c3934 f   System.Data.SQLite.netmodule
 0001:000c294c       ?System.Data.SQLite.SQLiteCommand.CreateParameter@@200012811M 100c394c f   System.Data.SQLite.netmodule
 0001:000c296c       ?System.Data.SQLite.SQLiteCommand.get_Connection@@20001240 100c396c f   System.Data.SQLite.netmodule
 0001:000c298c       ?System.Data.SQLite.SQLiteCommand.set_Connection@@2001011240 100c398c f   System.Data.SQLite.netmodule
 0001:000c2a08       ?System.Data.SQLite.SQLiteCommand.get_DbConnection@@20001225 100c3a08 f   System.Data.SQLite.netmodule
 0001:000c2a20       ?System.Data.SQLite.SQLiteCommand.set_DbConnection@@2001011225 100c3a20 f   System.Data.SQLite.netmodule
 0001:000c2a3c       ?System.Data.SQLite.SQLiteCommand.get_Parameters@@2000128120 100c3a3c f   System.Data.SQLite.netmodule
 0001:000c2a5c       ?System.Data.SQLite.SQLiteCommand.get_DbParameterCollection@@20001259 100c3a5c f   System.Data.SQLite.netmodule
 0001:000c2a74       ?System.Data.SQLite.SQLiteCommand.get_Transaction@@2000128128 100c3a74 f   System.Data.SQLite.netmodule
 0001:000c2a94       ?System.Data.SQLite.SQLiteCommand.set_Transaction@@200101128128 100c3a94 f   System.Data.SQLite.netmodule
 0001:000c2b30       ?System.Data.SQLite.SQLiteCommand.get_DbTransaction@@2000125N 100c3b30 f   System.Data.SQLite.netmodule
 0001:000c2b48       ?System.Data.SQLite.SQLiteCommand.set_DbTransaction@@200101125N 100c3b48 f   System.Data.SQLite.netmodule
 0001:000c2b64       ?System.Data.SQLite.SQLiteCommand.InitializeForReader@@200001 100c3b64 f   System.Data.SQLite.netmodule
 0001:000c2c14       ?System.Data.SQLite.SQLiteCommand.ExecuteDbDataReader@@2001123911809N 100c3c14 f   System.Data.SQLite.netmodule
 0001:000c2c30       ?System.Data.SQLite.SQLiteCommand.Execute@@00041M0O1180K00O1N1M 100c3c30 f   System.Data.SQLite.netmodule
 0001:000c2d7c       ?System.Data.SQLite.SQLiteCommand.ExecuteReader@@20011280L811809N 100c3d7c f   System.Data.SQLite.netmodule
 0001:000c2db4       ?System.Data.SQLite.SQLiteCommand.ExecuteReader@@20001280L8 100c3db4 f   System.Data.SQLite.netmodule
 0001:000c2dd4       ?System.Data.SQLite.SQLiteCommand.ClearDataReader@@200001 100c3dd4 f   System.Data.SQLite.netmodule
 0001:000c2dec       ?System.Data.SQLite.SQLiteCommand.ExecuteNonQuery@@200008 100c3dec f   System.Data.SQLite.netmodule
 0001:000c2e50       ?System.Data.SQLite.SQLiteCommand.ExecuteScalar@@20001M 100c3e50 f   System.Data.SQLite.netmodule
 0001:000c2ebc       ?System.Data.SQLite.SQLiteCommand.Prepare@@200001 100c3ebc f   System.Data.SQLite.netmodule
 0001:000c2ed4       ?System.Data.SQLite.SQLiteCommand.get_UpdatedRowSource@@2000118095 100c3ed4 f   System.Data.SQLite.netmodule
 0001:000c2ef4       ?System.Data.SQLite.SQLiteCommand.set_UpdatedRowSource@@200101118095 100c3ef4 f   System.Data.SQLite.netmodule
 0001:000c2f10       ?System.Data.SQLite.SQLiteCommand.get_DesignTimeVisible@@200002 100c3f10 f   System.Data.SQLite.netmodule
 0001:000c2f30       ?System.Data.SQLite.SQLiteCommand.set_DesignTimeVisible@@20010102 100c3f30 f   System.Data.SQLite.netmodule
 0001:000c2f54       ?System.Data.SQLite.SQLiteCommand.Clone@@20001M 100c3f54 f   System.Data.SQLite.netmodule
 0001:000c2f74       ?System.Data.SQLite.SQLiteCommand..cctor@@000001 100c3f74 f   System.Data.SQLite.netmodule
 0001:000c2f8c       ?System.Data.SQLite.SQLiteCommandBuilder..ctor@@200001 100c3f8c f   System.Data.SQLite.netmodule
 0001:000c2fa4       ?System.Data.SQLite.SQLiteCommandBuilder..ctor@@2001011280L4 100c3fa4 f   System.Data.SQLite.netmodule
 0001:000c2fdc       ?System.Data.SQLite.SQLiteCommandBuilder.CheckDisposed@@200001 100c3fdc f   System.Data.SQLite.netmodule
 0001:000c300c       ?System.Data.SQLite.SQLiteCommandBuilder.Dispose@@20010102 100c400c f   System.Data.SQLite.netmodule
 0001:000c305c       ?System.Data.SQLite.SQLiteCommandBuilder.ApplyParameterInfo@@20040112551280K11180K502 100c405c f   System.Data.SQLite.netmodule
 0001:000c3088       ?System.Data.SQLite.SQLiteCommandBuilder.GetParameterName@@20010O0O 100c4088 f   System.Data.SQLite.netmodule
 0001:000c30b8       ?System.Data.SQLite.SQLiteCommandBuilder.GetParameterName@@20010O08 100c40b8 f   System.Data.SQLite.netmodule
 0001:000c30ec       ?System.Data.SQLite.SQLiteCommandBuilder.GetParameterPlaceholder@@20010O08 100c40ec f   System.Data.SQLite.netmodule
 0001:000c3108       ?System.Data.SQLite.SQLiteCommandBuilder.SetRowUpdatingHandler@@2001011235 100c4108 f   System.Data.SQLite.netmodule
 0001:000c315c       ?System.Data.SQLite.SQLiteCommandBuilder.RowUpdatingEventHandler@@2002011M1280K9 100c415c f   System.Data.SQLite.netmodule
 0001:000c3174       ?System.Data.SQLite.SQLiteCommandBuilder.get_DataAdapter@@20001280L4 100c4174 f   System.Data.SQLite.netmodule
 0001:000c3198       ?System.Data.SQLite.SQLiteCommandBuilder.set_DataAdapter@@2001011280L4 100c4198 f   System.Data.SQLite.netmodule
 0001:000c31b8       ?System.Data.SQLite.SQLiteCommandBuilder.GetDeleteCommand@@20001230 100c41b8 f   System.Data.SQLite.netmodule
 0001:000c31dc       ?System.Data.SQLite.SQLiteCommandBuilder.GetDeleteCommand@@2001123002 100c41dc f   System.Data.SQLite.netmodule
 0001:000c3204       ?System.Data.SQLite.SQLiteCommandBuilder.GetUpdateCommand@@20001230 100c4204 f   System.Data.SQLite.netmodule
 0001:000c3228       ?System.Data.SQLite.SQLiteCommandBuilder.GetUpdateCommand@@2001123002 100c4228 f   System.Data.SQLite.netmodule
 0001:000c3250       ?System.Data.SQLite.SQLiteCommandBuilder.GetInsertCommand@@20001230 100c4250 f   System.Data.SQLite.netmodule
 0001:000c3274       ?System.Data.SQLite.SQLiteCommandBuilder.GetInsertCommand@@2001123002 100c4274 f   System.Data.SQLite.netmodule
 0001:000c329c       ?System.Data.SQLite.SQLiteCommandBuilder.get_CatalogLocation@@20001180KN 100c429c f   System.Data.SQLite.netmodule
 0001:000c32bc       ?System.Data.SQLite.SQLiteCommandBuilder.set_CatalogLocation@@2001011180KN 100c42bc f   System.Data.SQLite.netmodule
 0001:000c32dc       ?System.Data.SQLite.SQLiteCommandBuilder.get_CatalogSeparator@@20000O 100c42dc f   System.Data.SQLite.netmodule
 0001:000c32fc       ?System.Data.SQLite.SQLiteCommandBuilder.set_CatalogSeparator@@2001010O 100c42fc f   System.Data.SQLite.netmodule
 0001:000c331c       ?System.Data.SQLite.SQLiteCommandBuilder.get_QuotePrefix@@20000O 100c431c f   System.Data.SQLite.netmodule
 0001:000c333c       ?System.Data.SQLite.SQLiteCommandBuilder.set_QuotePrefix@@2001010O 100c433c f   System.Data.SQLite.netmodule
 0001:000c335c       ?System.Data.SQLite.SQLiteCommandBuilder.get_QuoteSuffix@@20000O 100c435c f   System.Data.SQLite.netmodule
 0001:000c337c       ?System.Data.SQLite.SQLiteCommandBuilder.set_QuoteSuffix@@2001010O 100c437c f   System.Data.SQLite.netmodule
 0001:000c339c       ?System.Data.SQLite.SQLiteCommandBuilder.QuoteIdentifier@@20010O0O 100c439c f   System.Data.SQLite.netmodule
 0001:000c3414       ?System.Data.SQLite.SQLiteCommandBuilder.UnquoteIdentifier@@20010O0O 100c4414 f   System.Data.SQLite.netmodule
 0001:000c34d4       ?System.Data.SQLite.SQLiteCommandBuilder.get_SchemaSeparator@@20000O 100c44d4 f   System.Data.SQLite.netmodule
 0001:000c34f4       ?System.Data.SQLite.SQLiteCommandBuilder.set_SchemaSeparator@@2001010O 100c44f4 f   System.Data.SQLite.netmodule
 0001:000c3514       ?System.Data.SQLite.SQLiteCommandBuilder.GetSchemaTable@@20011280L11215 100c4514 f   System.Data.SQLite.netmodule
 0001:000c357c       ?System.Data.SQLite.SQLiteCommandBuilder.HasSchemaPrimaryKey@@2001021280L1 100c457c f   System.Data.SQLite.netmodule
 0001:000c361c       ?System.Data.SQLite.SQLiteCommandBuilder.ResetIsUniqueSchemaColumn@@2001011280L1 100c461c f   System.Data.SQLite.netmodule
 0001:000c36d4       ?System.Data.SQLite.ConnectionEventArgs..ctor@@2006011180901280L51280L91280LN0O1M 100c46d4 f   System.Data.SQLite.netmodule
 0001:000c3718       ?System.Data.SQLite.SQLiteConnection.add__handlers@@000101123M 100c4718 f   System.Data.SQLite.netmodule
 0001:000c3754       ?System.Data.SQLite.SQLiteConnection.remove__handlers@@000101123M 100c4754 f   System.Data.SQLite.netmodule
 0001:000c3790       ?System.Data.SQLite.SQLiteConnection.add__updateHandler@@200101125M 100c4790 f   System.Data.SQLite.netmodule
 0001:000c37cc       ?System.Data.SQLite.SQLiteConnection.remove__updateHandler@@200101125M 100c47cc f   System.Data.SQLite.netmodule
 0001:000c3808       ?System.Data.SQLite.SQLiteConnection.add__commitHandler@@2001011258 100c4808 f   System.Data.SQLite.netmodule
 0001:000c3844       ?System.Data.SQLite.SQLiteConnection.remove__commitHandler@@2001011258 100c4844 f   System.Data.SQLite.netmodule
 0001:000c3880       ?System.Data.SQLite.SQLiteConnection.add__traceHandler@@2001011260 100c4880 f   System.Data.SQLite.netmodule
 0001:000c38bc       ?System.Data.SQLite.SQLiteConnection.remove__traceHandler@@2001011260 100c48bc f   System.Data.SQLite.netmodule
 0001:000c38f8       ?System.Data.SQLite.SQLiteConnection.add__rollbackHandler@@2001011280M9 100c48f8 f   System.Data.SQLite.netmodule
 0001:000c3934       ?System.Data.SQLite.SQLiteConnection.remove__rollbackHandler@@2001011280M9 100c4934 f   System.Data.SQLite.netmodule
 0001:000c3970       ?System.Data.SQLite.SQLiteConnection.add_StateChange@@2001011280MN 100c4970 f   System.Data.SQLite.netmodule
 0001:000c39ac       ?System.Data.SQLite.SQLiteConnection.remove_StateChange@@2001011280MN 100c49ac f   System.Data.SQLite.netmodule
 0001:000c39e8       ?System.Data.SQLite.SQLiteConnection..ctor@@200001 100c49e8 f   System.Data.SQLite.netmodule
 0001:000c3a00       ?System.Data.SQLite.SQLiteConnection..ctor@@2001010O 100c4a00 f   System.Data.SQLite.netmodule
 0001:000c3a18       ?System.Data.SQLite.SQLiteConnection..ctor@@200301180O02 100c4a18 f   System.Data.SQLite.netmodule
 0001:000c3a68       ?System.Data.SQLite.SQLiteConnection..ctor@@2002010O02 100c4a68 f   System.Data.SQLite.netmodule
 0001:000c3ad8       ?System.Data.SQLite.SQLiteConnection..ctor@@2001011240 100c4ad8 f   System.Data.SQLite.netmodule
 0001:000c3c64       ?System.Data.SQLite.SQLiteConnection.OnChanged@@00020112401238 100c4c64 f   System.Data.SQLite.netmodule
 0001:000c3d00       ?System.Data.SQLite.SQLiteConnection.add_Changed@@000101123M 100c4d00 f   System.Data.SQLite.netmodule
 0001:000c3d60       ?System.Data.SQLite.SQLiteConnection.remove_Changed@@000101123M 100c4d60 f   System.Data.SQLite.netmodule
 0001:000c3db8       ?System.Data.SQLite.SQLiteConnection.get_ConnectionPool@@00001278 100c4db8 f   System.Data.SQLite.netmodule
 0001:000c3dd0       ?System.Data.SQLite.SQLiteConnection.set_ConnectionPool@@0001011278 100c4dd0 f   System.Data.SQLite.netmodule
 0001:000c3de8       ?System.Data.SQLite.SQLiteConnection.CreateHandle@@00011M18 100c4de8 f   System.Data.SQLite.netmodule
 0001:000c3e18       ?System.Data.SQLite.SQLiteConnection.BackupDatabase@@20060112400O0O08126408 100c4e18 f   System.Data.SQLite.netmodule
 0001:000c3fc4       ?System.Data.SQLite.SQLiteConnection.BindFunction@@2002011280PM1280N4 100c4fc4 f   System.Data.SQLite.netmodule
 0001:000c4008       ?System.Data.SQLite.SQLiteConnection.Check@@0001011240 100c5008 f   System.Data.SQLite.netmodule
 0001:000c40bc       ?System.Data.SQLite.SQLiteConnection.ParseConnectionString@@0002151280N1020O0O0O02 100c50bc f   System.Data.SQLite.netmodule
 0001:000c40e4       ?System.Data.SQLite.SQLiteConnection.SetupSQLiteBase@@200101151280N1020O0O 100c50e4 f   System.Data.SQLite.netmodule
 0001:000c41c8       ?System.Data.SQLite.SQLiteConnection.CheckDisposed@@200001 100c51c8 f   System.Data.SQLite.netmodule
 0001:000c41f8       ?System.Data.SQLite.SQLiteConnection.Dispose@@20010102 100c51f8 f   System.Data.SQLite.netmodule
 0001:000c4254       ?System.Data.SQLite.SQLiteConnection.Clone@@20001M 100c5254 f   System.Data.SQLite.netmodule
 0001:000c4274       ?System.Data.SQLite.SQLiteConnection.CreateFile@@0001010O 100c5274 f   System.Data.SQLite.netmodule
 0001:000c4290       ?System.Data.SQLite.SQLiteConnection.OnStateChange@@2002011180M5101280L5 100c5290 f   System.Data.SQLite.netmodule
 0001:000c42dc       ?System.Data.SQLite.SQLiteConnection.BeginTransaction@@20021281281180M102 100c52dc f   System.Data.SQLite.netmodule
 0001:000c4310       ?System.Data.SQLite.SQLiteConnection.BeginTransaction@@200112812802 100c5310 f   System.Data.SQLite.netmodule
 0001:000c4344       ?System.Data.SQLite.SQLiteConnection.BeginTransaction@@20011281281180M1 100c5344 f   System.Data.SQLite.netmodule
 0001:000c436c       ?System.Data.SQLite.SQLiteConnection.BeginTransaction@@2000128128 100c536c f   System.Data.SQLite.netmodule
 0001:000c4398       ?System.Data.SQLite.SQLiteConnection.BeginDbTransaction@@2001125N1180M1 100c5398 f   System.Data.SQLite.netmodule
 0001:000c4418       ?System.Data.SQLite.SQLiteConnection.ChangeDatabase@@2001010O 100c5418 f   System.Data.SQLite.netmodule
 0001:000c4444       ?System.Data.SQLite.SQLiteConnection.Close@@200001 100c5444 f   System.Data.SQLite.netmodule
 0001:000c454c       ?System.Data.SQLite.SQLiteConnection.get_PoolCount@@200008 100c554c f   System.Data.SQLite.netmodule
 0001:000c4580       ?System.Data.SQLite.SQLiteConnection.ClearPool@@0001011240 100c5580 f   System.Data.SQLite.netmodule
 0001:000c45ac       ?System.Data.SQLite.SQLiteConnection.ClearAllPools@@000001 100c55ac f   System.Data.SQLite.netmodule
 0001:000c45c0       ?System.Data.SQLite.SQLiteConnection.get_ConnectionString@@20000O 100c55c0 f   System.Data.SQLite.netmodule
 0001:000c45e0       ?System.Data.SQLite.SQLiteConnection.set_ConnectionString@@2001010O 100c55e0 f   System.Data.SQLite.netmodule
 0001:000c4620       ?System.Data.SQLite.SQLiteConnection.CreateCommand@@20001230 100c5620 f   System.Data.SQLite.netmodule
 0001:000c4640       ?System.Data.SQLite.SQLiteConnection.CreateDbCommand@@20001215 100c5640 f   System.Data.SQLite.netmodule
 0001:000c4658       ?System.Data.SQLite.SQLiteConnection.get_DataSource@@20000O 100c5658 f   System.Data.SQLite.netmodule
 0001:000c4678       ?System.Data.SQLite.SQLiteConnection.get_Database@@20000O 100c5678 f   System.Data.SQLite.netmodule
 0001:000c4698       ?System.Data.SQLite.SQLiteConnection.MapUriPath@@00010O0O 100c5698 f   System.Data.SQLite.netmodule
 0001:000c4704       ?System.Data.SQLite.SQLiteConnection.ParseConnectionString@@0001151280N1020O0O0O 100c5704 f   System.Data.SQLite.netmodule
 0001:000c4854       ?System.Data.SQLite.SQLiteConnection.ParseConnectionStringViaFramework@@0002151280N1020O0O0O02 100c5854 f   System.Data.SQLite.netmodule
 0001:000c4944       ?System.Data.SQLite.SQLiteConnection.EnlistTransaction@@2001011280N5 100c5944 f   System.Data.SQLite.netmodule
 0001:000c4a00       ?System.Data.SQLite.SQLiteConnection.FindKey@@00030O151280N1020O0O0O0O 100c5a00 f   System.Data.SQLite.netmodule
 0001:000c4a28       ?System.Data.SQLite.SQLiteConnection.TryParseEnum@@00031M1280850O02 100c5a28 f   System.Data.SQLite.netmodule
 0001:000c4a6c       ?System.Data.SQLite.SQLiteConnection.TryParseByte@@0003020O1180N91005 100c5a6c f   System.Data.SQLite.netmodule
 0001:000c4a88       ?System.Data.SQLite.SQLiteConnection.EnableExtensions@@20010102 100c5a88 f   System.Data.SQLite.netmodule
 0001:000c4b10       ?System.Data.SQLite.SQLiteConnection.LoadExtension@@2001010O 100c5b10 f   System.Data.SQLite.netmodule
 0001:000c4b30       ?System.Data.SQLite.SQLiteConnection.LoadExtension@@2002010O0O 100c5b30 f   System.Data.SQLite.netmodule
 0001:000c4b94       ?System.Data.SQLite.SQLiteConnection.CreateModule@@200101128204 100c5b94 f   System.Data.SQLite.netmodule
 0001:000c4bfc       ?System.Data.SQLite.SQLiteConnection.FromHexString@@00011N050O 100c5bfc f   System.Data.SQLite.netmodule
 0001:000c4c18       ?System.Data.SQLite.SQLiteConnection.ToHexString@@00010O1N05 100c5c18 f   System.Data.SQLite.netmodule
 0001:000c4c70       ?System.Data.SQLite.SQLiteConnection.FromHexString@@00021N050O100O 100c5c70 f   System.Data.SQLite.netmodule
 0001:000c4d28       ?System.Data.SQLite.SQLiteConnection.Open@@200001 100c5d28 f   System.Data.SQLite.netmodule
 0001:000c5634       ?System.Data.SQLite.SQLiteConnection.OpenAndReturn@@20001240 100c6634 f   System.Data.SQLite.netmodule
 0001:000c5658       ?System.Data.SQLite.SQLiteConnection.get_DefaultTimeout@@200008 100c6658 f   System.Data.SQLite.netmodule
 0001:000c5678       ?System.Data.SQLite.SQLiteConnection.set_DefaultTimeout@@20010108 100c6678 f   System.Data.SQLite.netmodule
 0001:000c5694       ?System.Data.SQLite.SQLiteConnection.get_ParseViaFramework@@200002 100c6694 f   System.Data.SQLite.netmodule
 0001:000c56b4       ?System.Data.SQLite.SQLiteConnection.set_ParseViaFramework@@20010102 100c66b4 f   System.Data.SQLite.netmodule
 0001:000c56d0       ?System.Data.SQLite.SQLiteConnection.get_Flags@@20001128 100c66d0 f   System.Data.SQLite.netmodule
 0001:000c56f0       ?System.Data.SQLite.SQLiteConnection.set_Flags@@2001011128 100c66f0 f   System.Data.SQLite.netmodule
 0001:000c570c       ?System.Data.SQLite.SQLiteConnection.get_OwnHandle@@200002 100c670c f   System.Data.SQLite.netmodule
 0001:000c574c       ?System.Data.SQLite.SQLiteConnection.get_ServerVersion@@20000O 100c674c f   System.Data.SQLite.netmodule
 0001:000c576c       ?System.Data.SQLite.SQLiteConnection.get_LastInsertRowId@@20000K 100c676c f   System.Data.SQLite.netmodule
 0001:000c57ac       ?System.Data.SQLite.SQLiteConnection.Cancel@@200001 100c67ac f   System.Data.SQLite.netmodule
 0001:000c57e8       ?System.Data.SQLite.SQLiteConnection.get_Changes@@200008 100c67e8 f   System.Data.SQLite.netmodule
 0001:000c5828       ?System.Data.SQLite.SQLiteConnection.get_MemoryUsed@@20000K 100c6828 f   System.Data.SQLite.netmodule
 0001:000c5868       ?System.Data.SQLite.SQLiteConnection.get_MemoryHighwater@@20000K 100c6868 f   System.Data.SQLite.netmodule
 0001:000c58a8       ?System.Data.SQLite.SQLiteConnection.SetMemoryStatus@@00011180MM02 100c68a8 f   System.Data.SQLite.netmodule
 0001:000c58c0       ?System.Data.SQLite.SQLiteConnection.get_DefineConstants@@00000O 100c68c0 f   System.Data.SQLite.netmodule
 0001:000c58d8       ?System.Data.SQLite.SQLiteConnection.get_SQLiteVersion@@00000O 100c68d8 f   System.Data.SQLite.netmodule
 0001:000c58f0       ?System.Data.SQLite.SQLiteConnection.get_SQLiteSourceId@@00000O 100c68f0 f   System.Data.SQLite.netmodule
 0001:000c5908       ?System.Data.SQLite.SQLiteConnection.get_State@@20001180M5 100c6908 f   System.Data.SQLite.netmodule
 0001:000c5928       ?System.Data.SQLite.SQLiteConnection.Shutdown@@20001180MM 100c6928 f   System.Data.SQLite.netmodule
 0001:000c5990       ?System.Data.SQLite.SQLiteConnection.SetExtendedResultCodes@@20010102 100c6990 f   System.Data.SQLite.netmodule
 0001:000c59c0       ?System.Data.SQLite.SQLiteConnection.ResultCode@@20001180MM 100c69c0 f   System.Data.SQLite.netmodule
 0001:000c5a00       ?System.Data.SQLite.SQLiteConnection.ExtendedResultCode@@20001180MM 100c6a00 f   System.Data.SQLite.netmodule
 0001:000c5a40       ?System.Data.SQLite.SQLiteConnection.LogMessage@@2002011180MM0O 100c6a40 f   System.Data.SQLite.netmodule
 0001:000c5a80       ?System.Data.SQLite.SQLiteConnection.LogMessage@@200201080O 100c6a80 f   System.Data.SQLite.netmodule
 0001:000c5ac0       ?System.Data.SQLite.SQLiteConnection.ChangePassword@@2001010O 100c6ac0 f   System.Data.SQLite.netmodule
 0001:000c5af4       ?System.Data.SQLite.SQLiteConnection.ChangePassword@@2001011N05 100c6af4 f   System.Data.SQLite.netmodule
 0001:000c5b30       ?System.Data.SQLite.SQLiteConnection.SetPassword@@2001010O 100c6b30 f   System.Data.SQLite.netmodule
 0001:000c5b64       ?System.Data.SQLite.SQLiteConnection.SetPassword@@2001011N05 100c6b64 f   System.Data.SQLite.netmodule
 0001:000c5bb0       ?System.Data.SQLite.SQLiteConnection.SetAvRetry@@20021180MM10081008 100c6bb0 f   System.Data.SQLite.netmodule
 0001:000c5c70       ?System.Data.SQLite.SQLiteConnection.UnwrapString@@00010O0O 100c6c70 f   System.Data.SQLite.netmodule
 0001:000c5cec       ?System.Data.SQLite.SQLiteConnection.ExpandFileName@@20020O0O02 100c6cec f   System.Data.SQLite.netmodule
 0001:000c5de8       ?System.Data.SQLite.SQLiteConnection.GetSchema@@20001280L1 100c6de8 f   System.Data.SQLite.netmodule
 0001:000c5e10       ?System.Data.SQLite.SQLiteConnection.GetSchema@@20011280L10O 100c6e10 f   System.Data.SQLite.netmodule
 0001:000c5e38       ?System.Data.SQLite.SQLiteConnection.GetSchema@@20021280L10O1N0O 100c6e38 f   System.Data.SQLite.netmodule
 0001:000c608c       ?System.Data.SQLite.SQLiteConnection.Schema_ReservedWords@@00001280L1 100c708c f   System.Data.SQLite.netmodule
 0001:000c6174       ?System.Data.SQLite.SQLiteConnection.Schema_MetaDataCollections@@00001280L1 100c7174 f   System.Data.SQLite.netmodule
 0001:000c6220       ?System.Data.SQLite.SQLiteConnection.Schema_DataSourceInformation@@20001280L1 100c7220 f   System.Data.SQLite.netmodule
 0001:000c64f0       ?System.Data.SQLite.SQLiteConnection.Schema_Columns@@20031280L10O0O0O 100c74f0 f   System.Data.SQLite.netmodule
 0001:000c6cc8       ?System.Data.SQLite.SQLiteConnection.Schema_Indexes@@20031280L10O0O0O 100c7cc8 f   System.Data.SQLite.netmodule
[...]
               exported name: sqlite3_bind_int64
       17    _sqlite3_bind_int64_interop@12
       18    _sqlite3_bind_null
               exported name: sqlite3_bind_null
       19    _sqlite3_bind_parameter_count
               exported name: sqlite3_bind_parameter_count
       20    _sqlite3_bind_parameter_index
               exported name: sqlite3_bind_parameter_index
       21    _sqlite3_bind_parameter_name
               exported name: sqlite3_bind_parameter_name
       22    _sqlite3_bind_parameter_name_interop@12
       23    _sqlite3_bind_text
               exported name: sqlite3_bind_text
       24    _sqlite3_bind_text16
               exported name: sqlite3_bind_text16
       25    _sqlite3_bind_value
               exported name: sqlite3_bind_value
       26    _sqlite3_bind_zeroblob
               exported name: sqlite3_bind_zeroblob
       27    _sqlite3_blob_bytes
               exported name: sqlite3_blob_bytes
       28    _sqlite3_blob_close
               exported name: sqlite3_blob_close
       29    _sqlite3_blob_open
               exported name: sqlite3_blob_open
       30    _sqlite3_blob_read
               exported name: sqlite3_blob_read
       31    _sqlite3_blob_reopen
               exported name: sqlite3_blob_reopen
       32    _sqlite3_blob_write
               exported name: sqlite3_blob_write
       33    _sqlite3_busy_handler
               exported name: sqlite3_busy_handler
       34    _sqlite3_busy_timeout
               exported name: sqlite3_busy_timeout
       35    _sqlite3_changes
               exported name: sqlite3_changes
       36    _sqlite3_changes_interop@4
       37    _sqlite3_clear_bindings
               exported name: sqlite3_clear_bindings
       38    _sqlite3_close
               exported name: sqlite3_close
       39    _sqlite3_close_interop@4
       40    _sqlite3_close_v2
               exported name: sqlite3_close_v2
       41    _sqlite3_collation_needed
               exported name: sqlite3_collation_needed
       42    _sqlite3_collation_needed16
               exported name: sqlite3_collation_needed16
       43    _sqlite3_column_blob
               exported name: sqlite3_column_blob
       44    _sqlite3_column_bytes
               exported name: sqlite3_column_bytes
       45    _sqlite3_column_bytes16
               exported name: sqlite3_column_bytes16
       46    _sqlite3_column_count
               exported name: sqlite3_column_count
       47    _sqlite3_column_database_name
               exported name: sqlite3_column_database_name
       48    _sqlite3_column_database_name16
               exported name: sqlite3_column_database_name16
       49    _sqlite3_column_database_name16_interop@12
       50    _sqlite3_column_database_name_interop@12
       51    _sqlite3_column_decltype
               exported name: sqlite3_column_decltype
       52    _sqlite3_column_decltype16
               exported name: sqlite3_column_decltype16
       53    _sqlite3_column_decltype16_interop@12
       54    _sqlite3_column_decltype_interop@12
       55    _sqlite3_column_double
               exported name: sqlite3_column_double
       56    _sqlite3_column_double_interop@12
       57    _sqlite3_column_int
               exported name: sqlite3_column_int
       58    _sqlite3_column_int64
               exported name: sqlite3_column_int64
       59    _sqlite3_column_int64_interop@12
       60    _sqlite3_column_name
               exported name: sqlite3_column_name
       61    _sqlite3_column_name16
               exported name: sqlite3_column_name16
       62    _sqlite3_column_name16_interop@12
       63    _sqlite3_column_name_interop@12
       64    _sqlite3_column_origin_name
               exported name: sqlite3_column_origin_name
       65    _sqlite3_column_origin_name16
               exported name: sqlite3_column_origin_name16
       66    _sqlite3_column_origin_name16_interop@12
       67    _sqlite3_column_origin_name_interop@12
       68    _sqlite3_column_table_name
               exported name: sqlite3_column_table_name
       69    _sqlite3_column_table_name16
               exported name: sqlite3_column_table_name16
       70    _sqlite3_column_table_name16_interop@12
       71    _sqlite3_column_table_name_interop@12
       72    _sqlite3_column_text
               exported name: sqlite3_column_text
       73    _sqlite3_column_text16
               exported name: sqlite3_column_text16
       74    _sqlite3_column_text16_interop@12
       75    _sqlite3_column_text_interop@12
       76    _sqlite3_column_type
               exported name: sqlite3_column_type
       77    _sqlite3_column_value
               exported name: sqlite3_column_value
       78    _sqlite3_commit_hook
               exported name: sqlite3_commit_hook
       79    _sqlite3_compileoption_get
               exported name: sqlite3_compileoption_get
       80    _sqlite3_compileoption_used
               exported name: sqlite3_compileoption_used
       81    _sqlite3_complete
               exported name: sqlite3_complete
       82    _sqlite3_complete16
               exported name: sqlite3_complete16
       83    _sqlite3_config
               exported name: sqlite3_config
       84    _sqlite3_config_log_interop@0
       85    _sqlite3_context_collcompare_interop@20
       86    _sqlite3_context_collseq_interop@16
       87    _sqlite3_context_db_handle
               exported name: sqlite3_context_db_handle
       88    _sqlite3_create_collation
               exported name: sqlite3_create_collation
       89    _sqlite3_create_collation16
               exported name: sqlite3_create_collation16
       90    _sqlite3_create_collation_v2
               exported name: sqlite3_create_collation_v2
       91    _sqlite3_create_disposable_module
               exported name: sqlite3_create_disposable_module
       92    _sqlite3_create_disposable_module_interop@112
       93    _sqlite3_create_function
               exported name: sqlite3_create_function
       94    _sqlite3_create_function16
               exported name: sqlite3_create_function16
       95    _sqlite3_create_function_interop@36
       96    _sqlite3_create_function_v2
               exported name: sqlite3_create_function_v2
       97    _sqlite3_create_module
               exported name: sqlite3_create_module
       98    _sqlite3_create_module_v2
               exported name: sqlite3_create_module_v2
       99    _sqlite3_cursor_rowid_interop@12
      100    _sqlite3_data_count
               exported name: sqlite3_data_count
      101    _sqlite3_data_directory
               exported name: sqlite3_data_directory
      102    _sqlite3_db_config
               exported name: sqlite3_db_config
      103    _sqlite3_db_filename
               exported name: sqlite3_db_filename
      104    _sqlite3_db_handle
               exported name: sqlite3_db_handle
      105    _sqlite3_db_mutex
               exported name: sqlite3_db_mutex
      106    _sqlite3_db_readonly
               exported name: sqlite3_db_readonly
      107    _sqlite3_db_release_memory
               exported name: sqlite3_db_release_memory
      108    _sqlite3_db_status
               exported name: sqlite3_db_status
      109    _sqlite3_declare_vtab
               exported name: sqlite3_declare_vtab
      110    _sqlite3_dispose_module
               exported name: sqlite3_dispose_module
      111    _sqlite3_enable_load_extension
               exported name: sqlite3_enable_load_extension
      112    _sqlite3_enable_shared_cache
               exported name: sqlite3_enable_shared_cache
      113    _sqlite3_errcode
               exported name: sqlite3_errcode
      114    _sqlite3_errmsg
               exported name: sqlite3_errmsg
      115    _sqlite3_errmsg16
               exported name: sqlite3_errmsg16
      116    _sqlite3_errmsg_interop@8
      117    _sqlite3_errstr
               exported name: sqlite3_errstr
      118    _sqlite3_exec
               exported name: sqlite3_exec
      119    _sqlite3_expired
               exported name: sqlite3_expired
      120    _sqlite3_extended_errcode
               exported name: sqlite3_extended_errcode
      121    _sqlite3_extended_result_codes
               exported name: sqlite3_extended_result_codes
      122    _sqlite3_file_control
               exported name: sqlite3_file_control
      123    _sqlite3_finalize
               exported name: sqlite3_finalize
      124    _sqlite3_finalize_interop@4
      125    _sqlite3_free
               exported name: sqlite3_free
      126    _sqlite3_free_table
               exported name: sqlite3_free_table
      127    _sqlite3_get_autocommit
               exported name: sqlite3_get_autocommit
      128    _sqlite3_get_auxdata
               exported name: sqlite3_get_auxdata
      129    _sqlite3_get_table
               exported name: sqlite3_get_table
      130    _sqlite3_global_recover
               exported name: sqlite3_global_recover
      131    _sqlite3_index_column_info_interop@32
      132    _sqlite3_initialize
               exported name: sqlite3_initialize
      133    _sqlite3_interrupt
               exported name: sqlite3_interrupt
      134    _sqlite3_key
               exported name: sqlite3_key
      135    _sqlite3_key_v2
               exported name: sqlite3_key_v2
      136    _sqlite3_last_insert_rowid
               exported name: sqlite3_last_insert_rowid
      137    _sqlite3_last_insert_rowid_interop@8
      138    _sqlite3_libversion
               exported name: sqlite3_libversion
      139    _sqlite3_libversion_number
               exported name: sqlite3_libversion_number
      140    _sqlite3_limit
               exported name: sqlite3_limit
      141    _sqlite3_load_extension
               exported name: sqlite3_load_extension
      142    _sqlite3_log
               exported name: sqlite3_log
      143    _sqlite3_malloc
               exported name: sqlite3_malloc
      144    _sqlite3_malloc_size_interop@4
      145    _sqlite3_memory_alarm
               exported name: sqlite3_memory_alarm
      146    _sqlite3_memory_highwater
               exported name: sqlite3_memory_highwater
      147    _sqlite3_memory_highwater_interop@8
      148    _sqlite3_memory_used
               exported name: sqlite3_memory_used
      149    _sqlite3_memory_used_interop@4
      150    _sqlite3_mprintf
               exported name: sqlite3_mprintf
      151    _sqlite3_mutex_alloc
               exported name: sqlite3_mutex_alloc
      152    _sqlite3_mutex_enter
               exported name: sqlite3_mutex_enter
      153    _sqlite3_mutex_free
               exported name: sqlite3_mutex_free
      154    _sqlite3_mutex_held
               exported name: sqlite3_mutex_held
      155    _sqlite3_mutex_leave
               exported name: sqlite3_mutex_leave
      156    _sqlite3_mutex_notheld
               exported name: sqlite3_mutex_notheld
      157    _sqlite3_mutex_try
               exported name: sqlite3_mutex_try
      158    _sqlite3_next_stmt
               exported name: sqlite3_next_stmt
      159    _sqlite3_open
               exported name: sqlite3_open
      160    _sqlite3_open16
               exported name: sqlite3_open16
      161    _sqlite3_open16_interop@12
      162    _sqlite3_open_interop@12
      163    _sqlite3_open_v2
               exported name: sqlite3_open_v2
      164    _sqlite3_os_end
               exported name: sqlite3_os_end
      165    _sqlite3_os_init
               exported name: sqlite3_os_init
      166    _sqlite3_overload_function
               exported name: sqlite3_overload_function
      167    _sqlite3_prepare
               exported name: sqlite3_prepare
      168    _sqlite3_prepare16
               exported name: sqlite3_prepare16
      169    _sqlite3_prepare16_interop@24
      170    _sqlite3_prepare16_v2
               exported name: sqlite3_prepare16_v2
      171    _sqlite3_prepare_interop@24
      172    _sqlite3_prepare_v2
               exported name: sqlite3_prepare_v2
      173    _sqlite3_profile
               exported name: sqlite3_profile
      174    _sqlite3_progress_handler
               exported name: sqlite3_progress_handler
      175    _sqlite3_randomness
               exported name: sqlite3_randomness
      176    _sqlite3_realloc
               exported name: sqlite3_realloc
      177    _sqlite3_rekey
               exported name: sqlite3_rekey
      178    _sqlite3_rekey_v2
               exported name: sqlite3_rekey_v2
      179    _sqlite3_release_memory
               exported name: sqlite3_release_memory
      180    _sqlite3_reset
               exported name: sqlite3_reset
      181    _sqlite3_reset_auto_extension
               exported name: sqlite3_reset_auto_extension
      182    _sqlite3_reset_interop@4
      183    _sqlite3_result_blob
               exported name: sqlite3_result_blob
      184    _sqlite3_result_double
               exported name: sqlite3_result_double
      185    _sqlite3_result_double_interop@8
      186    _sqlite3_result_error
               exported name: sqlite3_result_error
      187    _sqlite3_result_error16
               exported name: sqlite3_result_error16
      188    _sqlite3_result_error_code
               exported name: sqlite3_result_error_code
      189    _sqlite3_result_error_nomem
               exported name: sqlite3_result_error_nomem
      190    _sqlite3_result_error_toobig
               exported name: sqlite3_result_error_toobig
      191    _sqlite3_result_int
               exported name: sqlite3_result_int
      192    _sqlite3_result_int64
               exported name: sqlite3_result_int64
      193    _sqlite3_result_int64_interop@8
      194    _sqlite3_result_null
               exported name: sqlite3_result_null
      195    _sqlite3_result_text
               exported name: sqlite3_result_text
      196    _sqlite3_result_text16
               exported name: sqlite3_result_text16
      197    _sqlite3_result_text16be
               exported name: sqlite3_result_text16be
      198    _sqlite3_result_text16le
               exported name: sqlite3_result_text16le
      199    _sqlite3_result_value
               exported name: sqlite3_result_value
      200    _sqlite3_result_zeroblob
               exported name: sqlite3_result_zeroblob
      201    _sqlite3_rollback_hook
               exported name: sqlite3_rollback_hook
      202    _sqlite3_rtree_geometry_callback
               exported name: sqlite3_rtree_geometry_callback
      203    _sqlite3_set_authorizer
               exported name: sqlite3_set_authorizer
      204    _sqlite3_set_auxdata
               exported name: sqlite3_set_auxdata
      205    _sqlite3_shutdown
               exported name: sqlite3_shutdown
      206    _sqlite3_sleep
               exported name: sqlite3_sleep
      207    _sqlite3_snprintf
               exported name: sqlite3_snprintf
      208    _sqlite3_soft_heap_limit
               exported name: sqlite3_soft_heap_limit
      209    _sqlite3_soft_heap_limit64
               exported name: sqlite3_soft_heap_limit64
      210    _sqlite3_sourceid
               exported name: sqlite3_sourceid
      211    _sqlite3_sql
               exported name: sqlite3_sql
      212    _sqlite3_status
               exported name: sqlite3_status
      213    _sqlite3_step
               exported name: sqlite3_step
      214    _sqlite3_stmt_busy
               exported name: sqlite3_stmt_busy
      215    _sqlite3_stmt_readonly
               exported name: sqlite3_stmt_readonly
      216    _sqlite3_stmt_status
               exported name: sqlite3_stmt_status
      217    _sqlite3_strglob
               exported name: sqlite3_strglob
      218    _sqlite3_stricmp
               exported name: sqlite3_stricmp
      219    _sqlite3_strnicmp
               exported name: sqlite3_strnicmp
      220    _sqlite3_table_column_metadata
               exported name: sqlite3_table_column_metadata
      221    _sqlite3_table_column_metadata_interop@44
      222    _sqlite3_table_cursor_interop@12
      223    _sqlite3_temp_directory
               exported name: sqlite3_temp_directory
      224    _sqlite3_test_control
               exported name: sqlite3_test_control
      225    _sqlite3_thread_cleanup
               exported name: sqlite3_thread_cleanup
      226    _sqlite3_threadsafe
               exported name: sqlite3_threadsafe
      227    _sqlite3_total_changes
               exported name: sqlite3_total_changes
      228    _sqlite3_trace
               exported name: sqlite3_trace
      229    _sqlite3_transfer_bindings
               exported name: sqlite3_transfer_bindings
      230    _sqlite3_update_hook
               exported name: sqlite3_update_hook
      231    _sqlite3_uri_boolean
               exported name: sqlite3_uri_boolean
      232    _sqlite3_uri_int64
               exported name: sqlite3_uri_int64
      233    _sqlite3_uri_parameter
               exported name: sqlite3_uri_parameter
      234    _sqlite3_user_data
               exported name: sqlite3_user_data
      235    _sqlite3_value_blob
               exported name: sqlite3_value_blob
      236    _sqlite3_value_bytes
               exported name: sqlite3_value_bytes
      237    _sqlite3_value_bytes16
               exported name: sqlite3_value_bytes16
      238    _sqlite3_value_double
               exported name: sqlite3_value_double
      239    _sqlite3_value_double_interop@8
      240    _sqlite3_value_int
               exported name: sqlite3_value_int
      241    _sqlite3_value_int64
               exported name: sqlite3_value_int64
      242    _sqlite3_value_int64_interop@8
      243    _sqlite3_value_numeric_type
               exported name: sqlite3_value_numeric_type
      244    _sqlite3_value_text
               exported name: sqlite3_value_text
      245    _sqlite3_value_text16
               exported name: sqlite3_value_text16
      246    _sqlite3_value_text16_interop@8
      247    _sqlite3_value_text16be
               exported name: sqlite3_value_text16be
      248    _sqlite3_value_text16le
               exported name: sqlite3_value_text16le
      249    _sqlite3_value_text_interop@8
      250    _sqlite3_value_type
               exported name: sqlite3_value_type
      251    _sqlite3_version
               exported name: sqlite3_version
      252    _sqlite3_vfs_find
               exported name: sqlite3_vfs_find
      253    _sqlite3_vfs_register
               exported name: sqlite3_vfs_register
      254    _sqlite3_vfs_unregister
               exported name: sqlite3_vfs_unregister
      255    _sqlite3_vmprintf
               exported name: sqlite3_vmprintf
      256    _sqlite3_vsnprintf
               exported name: sqlite3_vsnprintf
      257    _sqlite3_vtab_config
               exported name: sqlite3_vtab_config
      258    _sqlite3_vtab_on_conflict
               exported name: sqlite3_vtab_on_conflict
      259    _sqlite3_vtshim_init
               exported name: sqlite3_vtshim_init
      260    _sqlite3_wal_autocheckpoint
               exported name: sqlite3_wal_autocheckpoint
      261    _sqlite3_wal_checkpoint
               exported name: sqlite3_wal_checkpoint
      262    _sqlite3_wal_checkpoint_v2
               exported name: sqlite3_wal_checkpoint_v2
      263    _sqlite3_wal_hook
               exported name: sqlite3_wal_hook
      264    _sqlite3_win32_mbcs_to_utf8
               exported name: sqlite3_win32_mbcs_to_utf8
      265    _sqlite3_win32_set_directory
               exported name: sqlite3_win32_set_directory
      266    _sqlite3_win32_sleep
               exported name: sqlite3_win32_sleep
      267    _sqlite3_win32_utf8_to_mbcs
               exported name: sqlite3_win32_utf8_to_mbcs
      268    _sqlite3_win32_write_debug
               exported name: sqlite3_win32_write_debug
